<html>
<body>
<pre>
<h1>µVision Build Log</h1>
<h2>Tool Versions:</h2>
IDE-Version: µVision V5.27.1.0
Copyright (C) 2019 ARM Ltd and ARM Germany GmbH. All rights reserved.
License Information: Hamit Hamit, IU, LIC=3JWP0-BU4S2-YLMUY-W3QKS-T85HB-ITFEL
 
Tool Versions:
Toolchain:       MDK-ARM Cortex-M0/M0+ 256K for ST  Version: 5.27.1.0
Toolchain Path:  C:\Keil_v5\ARM\ARMCLANG\Bin
C Compiler:      ArmClang.exe V6.12
Assembler:       Armasm.exe V6.12
Linker/Locator:  ArmLink.exe V6.12
Library Manager: ArmAr.exe V6.12
Hex Converter:   FromElf.exe V6.12
CPU DLL:         SARMCM3.DLL V5.27.1.0
Dialog DLL:      DARMCM1.DLL V1.19.2.0
Target DLL:      STLink\ST-LINKIII-KEIL_SWO.dll V3.0.6.0
Dialog DLL:      TARMCM1.DLL V1.14.1.0
 
<h2>Project:</h2>
C:\Users\Hamit\Desktop\PCB_PROJELER\PCB_YAZILIM\EPTS_PERFANL_STM_BL\EPTS_PERFANL_STM_BL.uvprojx
Project File Date:  04/02/2020

<h2>Output:</h2>
*** Using Compiler 'V6.12', folder: 'C:\Keil_v5\ARM\ARMCLANG\Bin'
Rebuild target 'stm32l053'
compiling led.c...
compiling button.c...
compiling gpio.c...
compiling mma8452q.c...
compiling interrupt.c...
compiling hw.c...
compiling main.c...
compiling cam_m8q.c...
assembling startup_stm32l053xx.s...
compiling rtc.c...
compiling systick.c...
compiling fxas21002.c...
compiling i2c.c...
compiling system_stm32l0xx.c...
compiling iis2mdc_reg.c...
compiling zigbee.c...
linking...
Program Size: Code=27188 RO-data=1236 RW-data=88 ZI-data=4248  
FromELF: creating hex file...
".\Objects\EPTS_PERFANL_STM_BL.axf" - 0 Error(s), 0 Warning(s).

<h2>Software Packages used:</h2>

Package Vendor: Keil
                http://www.keil.com/pack/Keil.STM32L0xx_DFP.2.0.1.pack
                Keil.STM32L0xx_DFP.2.0.1
                STMicroelectronics STM32L0 Series Device Support, Drivers and Examples

<h2>Collection of Component include folders:</h2>
  .\RTE\_stm32l053
  C:\Users\Hamit\AppData\Local\Arm\Packs\Keil\STM32L0xx_DFP\2.0.1\Drivers\CMSIS\Device\ST\STM32L0xx\Include

<h2>Collection of Component Files used:</h2>
Build Time Elapsed:  00:00:01
</pre>
</body>
</html>
