Component: ARM Compiler 6.12 Tool: armlink [5d624300]

==============================================================================

Section Cross References

    main.o(.text.main) refers to system_stm32l0xx.o(.text.SystemInit) for SystemInit
    main.o(.text.main) refers to hw.o(.text.hw_initSysclock) for hw_initSysclock
    main.o(.text.main) refers to system_stm32l0xx.o(.text.SystemCoreClockUpdate) for SystemCoreClockUpdate
    main.o(.text.main) refers to aeabi_sdiv.o(.text) for __aeabi_uidiv
    main.o(.text.main) refers to main.o(.text.SysTick_Config) for SysTick_Config
    main.o(.text.main) refers to systick.o(.text.systick_delayMs) for systick_delayMs
    main.o(.text.main) refers to led.o(.text.led_init) for led_init
    main.o(.text.main) refers to main.o(.text.gpio_set) for gpio_set
    main.o(.text.main) refers to hw.o(.text.hw_init) for hw_init
    main.o(.text.main) refers to mma8452q.o(.text.checkAccelerometer) for checkAccelerometer
    main.o(.text.main) refers to mma8452q.o(.text.start_acc) for start_acc
    main.o(.text.main) refers to fxas21002.o(.text.checkGyro) for checkGyro
    main.o(.text.main) refers to fxas21002.o(.text.start_gyro) for start_gyro
    main.o(.text.main) refers to iis2mdc_reg.o(.text.checkMagnetometer) for checkMagnetometer
    main.o(.text.main) refers to iis2mdc_reg.o(.text.start_magneto) for start_magneto
    main.o(.text.main) refers to main.o(.text.ImuIntPinsInit) for ImuIntPinsInit
    main.o(.text.main) refers to main.o(.text.ConfigureExtendedIT) for ConfigureExtendedIT
    main.o(.text.main) refers to cam_m8q.o(.text.USART1_Init) for USART1_Init
    main.o(.text.main) refers to cam_m8q.o(.text.initGPSubxData) for initGPSubxData
    main.o(.text.main) refers to zigbee.o(.text.Configure_GPIO_LPUART) for Configure_GPIO_LPUART
    main.o(.text.main) refers to zigbee.o(.text.Configure_LPUART) for Configure_LPUART
    main.o(.text.main) refers to cam_m8q.o(.text.GPSdataUpdate) for GPSdataUpdate
    main.o(.text.main) refers to zigbee.o(.text.conGpsDataToDecDegree) for conGpsDataToDecDegree
    main.o(.text.main) refers to zigbee.o(.text.IMUtoString) for IMUtoString
    main.o(.text.main) refers to zigbee.o(.text.packAllDataforZigbee) for packAllDataforZigbee
    main.o(.text.main) refers to mma8452q.o(.text.read_acc) for read_acc
    main.o(.text.main) refers to iis2mdc_reg.o(.text.read_magneto) for read_magneto
    main.o(.text.main) refers to fxas21002.o(.text.read_gyro) for read_gyro
    main.o(.text.main) refers to button.o(.text.butread) for butread
    main.o(.text.main) refers to main.o(.text.ledUpdate) for ledUpdate
    main.o(.text.main) refers to zigbee.o(.text.LPUART1_Send_DataPack) for LPUART1_Send_DataPack
    main.o(.text.main) refers to zigbee.o(.text.LPUART1_Send) for LPUART1_Send
    main.o(.text.main) refers to system_stm32l0xx.o(.data.SystemCoreClock) for SystemCoreClock
    main.o(.text.main) refers to cam_m8q.o(.bss.fGPSdataUpdate) for fGPSdataUpdate
    main.o(.text.main) refers to interrupt.o(.bss.fReadAcc) for fReadAcc
    main.o(.text.main) refers to main.o(.bss.sensorReadCnt) for sensorReadCnt
    main.o(.text.main) refers to interrupt.o(.bss.fReadMagneto) for fReadMagneto
    main.o(.text.main) refers to interrupt.o(.bss.fReadGyro) for fReadGyro
    main.o(.text.main) refers to main.o(.bss.sensorReadErrorCnt) for sensorReadErrorCnt
    main.o(.text.main) refers to systick.o(.bss.f20ms) for f20ms
    main.o(.text.main) refers to systick.o(.bss.f200ms) for f200ms
    main.o(.text.main) refers to systick.o(.bss.f2s) for f2s
    main.o(.text.main) refers to zigbee.o(.bss.dataPack) for dataPack
    main.o(.text.main) refers to main.o(.rodata.str1.1) for .L.str
    main.o(.ARM.exidx.text.main) refers to main.o(.text.main) for [Anonymous Symbol]
    main.o(.text.SysTick_Config) refers to main.o(.text.NVIC_SetPriority) for NVIC_SetPriority
    main.o(.ARM.exidx.text.SysTick_Config) refers to main.o(.text.SysTick_Config) for [Anonymous Symbol]
    main.o(.ARM.exidx.text.gpio_set) refers to main.o(.text.gpio_set) for [Anonymous Symbol]
    main.o(.text.ImuIntPinsInit) refers to gpio.o(.text.gpio_init) for gpio_init
    main.o(.text.ImuIntPinsInit) refers to main.o(.rodata.cst4) for .L__const.ImuIntPinsInit.tGpioInit
    main.o(.ARM.exidx.text.ImuIntPinsInit) refers to main.o(.text.ImuIntPinsInit) for [Anonymous Symbol]
    main.o(.text.ConfigureExtendedIT) refers to main.o(.text.NVIC_EnableIRQ) for NVIC_EnableIRQ
    main.o(.text.ConfigureExtendedIT) refers to main.o(.text.NVIC_SetPriority) for NVIC_SetPriority
    main.o(.ARM.exidx.text.ConfigureExtendedIT) refers to main.o(.text.ConfigureExtendedIT) for [Anonymous Symbol]
    main.o(.text.ledUpdate) refers to led.o(.text.rgb_control_set) for rgb_control_set
    main.o(.text.ledUpdate) refers to led.o(.text.rgb_blue_led_set) for rgb_blue_led_set
    main.o(.text.ledUpdate) refers to led.o(.text.rgb_red_led_set) for rgb_red_led_set
[...]
    .L.str.6                                 0x08006d2b   Data          36  gpio.o(.rodata.str1.1)
    .L.str.2                                 0x08006d4f   Data          20  gpio.o(.rodata.str1.1)
    .L.str.4                                 0x08006d63   Data          40  gpio.o(.rodata.str1.1)
    .L.str.1                                 0x08006d8b   Data          18  gpio.o(.rodata.str1.1)
    .L.str                                   0x08006d9d   Data           4  zigbee.o(.rodata.str1.1)
    .L.str.17                                0x08006d9d   Data           2  zigbee.o(.rodata.str1.1)
    [Anonymous Symbol]                       0x08006d9d   Section        0  zigbee.o(.rodata.str1.1)
    .L.str.16                                0x08006d9f   Data          10  zigbee.o(.rodata.str1.1)
    .L.str.1                                 0x08006da1   Data          13  zigbee.o(.rodata.str1.1)
    .L.str.2                                 0x08006dae   Data          15  zigbee.o(.rodata.str1.1)
    .L.str.3                                 0x08006dbd   Data          11  zigbee.o(.rodata.str1.1)
    .L.str.4                                 0x08006dc8   Data           8  zigbee.o(.rodata.str1.1)
    c$$dinf                                  0x08006dcc   Section        8  fpconst.o(c$$dinf)
    .L.str.5                                 0x08006dd0   Data           6  zigbee.o(.rodata.str1.1)
    c$$dmax                                  0x08006dd4   Section        8  fpconst.o(c$$dmax)
    .L.str.6                                 0x08006dd6   Data           6  zigbee.o(.rodata.str1.1)
    .L.str.7                                 0x08006ddc   Data           8  zigbee.o(.rodata.str1.1)
    locale$$data                             0x08006ddc   Section       28  lc_numeric_c.o(locale$$data)
    __lcnum_c_name                           0x08006de0   Data           2  lc_numeric_c.o(locale$$data)
    .L.str.8                                 0x08006de4   Data           8  zigbee.o(.rodata.str1.1)
    __lcnum_c_start                          0x08006de8   Data           0  lc_numeric_c.o(locale$$data)
    .L.str.9                                 0x08006dec   Data           8  zigbee.o(.rodata.str1.1)
    .L.str.10                                0x08006df4   Data           8  zigbee.o(.rodata.str1.1)
    __lcnum_c_point                          0x08006df4   Data           0  lc_numeric_c.o(locale$$data)
    __lcnum_c_thousands                      0x08006df6   Data           0  lc_numeric_c.o(locale$$data)
    __lcnum_c_grouping                       0x08006df7   Data           0  lc_numeric_c.o(locale$$data)
    __lcnum_c_end                            0x08006df8   Data           0  lc_numeric_c.o(locale$$data)
    locale$$data                             0x08006df8   Section      272  lc_ctype_c.o(locale$$data)
    .L.str.11                                0x08006dfc   Data           6  zigbee.o(.rodata.str1.1)
    __lcctype_c_name                         0x08006dfc   Data           2  lc_ctype_c.o(locale$$data)
    .L.str.12                                0x08006e02   Data           6  zigbee.o(.rodata.str1.1)
    __lcctype_c_start                        0x08006e04   Data           0  lc_ctype_c.o(locale$$data)
    .L.str.13                                0x08006e08   Data           6  zigbee.o(.rodata.str1.1)
    .L.str.14                                0x08006e0e   Data           6  zigbee.o(.rodata.str1.1)
    .L.str.15                                0x08006e14   Data           6  zigbee.o(.rodata.str1.1)
    __lcctype_c_end                          0x08006f08   Data           0  lc_ctype_c.o(locale$$data)
    .bss                                     0x20000058   Section       96  libspace.o(.bss)
    Heap_Mem                                 0x20000af0   Data         512  startup_stm32l053xx.o(HEAP)
    HEAP                                     0x20000af0   Section      512  startup_stm32l053xx.o(HEAP)
    Stack_Mem                                0x20000cf0   Data        1024  startup_stm32l053xx.o(STACK)
    STACK                                    0x20000cf0   Section     1024  startup_stm32l053xx.o(STACK)
    __initial_sp                             0x200010f0   Data           0  startup_stm32l053xx.o(STACK)

    Global Symbols

    Symbol Name                              Value     Ov Type        Size  Object(Section)

    BuildAttributes$$THM_ISAv3M$S$PE$A:L22$X:L11$S22$IEEE1$IW$~IW$USESV6$~STKCKD$USESV7$~SHL$OTIME$ROPI$IEEEX$EBA8$UX$STANDARDLIB$REQ8$PRES8$EABIv2 0x00000000   Number         0  anon$$obj.o ABSOLUTE
    __ARM_exceptions_init                     - Undefined Weak Reference
    __alloca_initialize                       - Undefined Weak Reference
    __arm_preinit_                            - Undefined Weak Reference
    __cpp_initialize__aeabi_                  - Undefined Weak Reference
    __cxa_finalize                            - Undefined Weak Reference
    __sigvec_lookup                           - Undefined Weak Reference
    _atexit_init                              - Undefined Weak Reference
    _call_atexit_fns                          - Undefined Weak Reference
    _clock_init                               - Undefined Weak Reference
    _fp_trap_init                             - Undefined Weak Reference
    _fp_trap_shutdown                         - Undefined Weak Reference
    _get_lc_collate                           - Undefined Weak Reference
    _get_lc_monetary                          - Undefined Weak Reference
    _get_lc_time                              - Undefined Weak Reference
    _getenv_init                              - Undefined Weak Reference
    _handle_redirection                       - Undefined Weak Reference
    _init_alloc                               - Undefined Weak Reference
    _init_user_alloc                          - Undefined Weak Reference
    _initio                                   - Undefined Weak Reference
    _rand_init                                - Undefined Weak Reference
    _signal_finish                            - Undefined Weak Reference
    _signal_init                              - Undefined Weak Reference
    _terminate_alloc                          - Undefined Weak Reference
    _terminate_user_alloc                     - Undefined Weak Reference
    _terminateio                              - Undefined Weak Reference
    __Vectors_Size                           0x000000c0   Number         0  startup_stm32l053xx.o ABSOLUTE
    __Vectors                                0x08000000   Data           4  startup_stm32l053xx.o(RESET)
    __Vectors_End                            0x080000c0   Data           0  startup_stm32l053xx.o(RESET)
    __main                                   0x080000c1   Thumb Code     8  __main.o(!!!main)
    __scatterload                            0x080000c9   Thumb Code     0  __scatter.o(!!!scatter)
    __scatterload_rt2                        0x080000c9   Thumb Code    52  __scatter.o(!!!scatter)
    __scatterload_rt2_thumb_only             0x080000c9   Thumb Code     0  __scatter.o(!!!scatter)
    __scatterload_null                       0x080000d9   Thumb Code     0  __scatter.o(!!!scatter)
    __scatterload_copy                       0x08000105   Thumb Code    26  __scatter_copy.o(!!handler_copy)
    __scatterload_zeroinit                   0x08000121   Thumb Code    28  __scatter_zi.o(!!handler_zi)
    __rt_lib_init                            0x0800013d   Thumb Code     0  libinit.o(.ARM.Collect$$libinit$$00000000)
    __rt_lib_init_fp_1                       0x0800013f   Thumb Code     0  libinit2.o(.ARM.Collect$$libinit$$00000002)
    __rt_lib_init_heap_1                     0x0800013f   Thumb Code     0  libinit2.o(.ARM.Collect$$libinit$$0000000A)
    __rt_lib_init_lc_common                  0x0800013f   Thumb Code     0  libinit2.o(.ARM.Collect$$libinit$$0000000F)
    __rt_lib_init_preinit_1                  0x0800013f   Thumb Code     0  libinit2.o(.ARM.Collect$$libinit$$00000004)
    __rt_lib_init_rand_1                     0x0800013f   Thumb Code     0  libinit2.o(.ARM.Collect$$libinit$$0000000E)
    __rt_lib_init_user_alloc_1               0x0800013f   Thumb Code     0  libinit2.o(.ARM.Collect$$libinit$$0000000C)
    __rt_lib_init_lc_collate_1               0x08000145   Thumb Code     0  libinit2.o(.ARM.Collect$$libinit$$00000011)
    __rt_lib_init_lc_ctype_2                 0x08000145   Thumb Code     0  libinit2.o(.ARM.Collect$$libinit$$00000012)
    __rt_lib_init_lc_ctype_1                 0x08000151   Thumb Code     0  libinit2.o(.ARM.Collect$$libinit$$00000013)
    __rt_lib_init_lc_monetary_1              0x08000151   Thumb Code     0  libinit2.o(.ARM.Collect$$libinit$$00000015)
    __rt_lib_init_lc_numeric_2               0x08000151   Thumb Code     0  libinit2.o(.ARM.Collect$$libinit$$00000016)
    __rt_lib_init_argv_1                     0x0800015b   Thumb Code     0  libinit2.o(.ARM.Collect$$libinit$$00000027)
    __rt_lib_init_atexit_1                   0x0800015b   Thumb Code     0  libinit2.o(.ARM.Collect$$libinit$$0000001B)
    __rt_lib_init_clock_1                    0x0800015b   Thumb Code     0  libinit2.o(.ARM.Collect$$libinit$$00000021)
    __rt_lib_init_fp_trap_1                  0x0800015b   Thumb Code     0  libinit2.o(.ARM.Collect$$libinit$$0000001F)
    __rt_lib_init_getenv_1                   0x0800015b   Thumb Code     0  libinit2.o(.ARM.Collect$$libinit$$00000023)
    __rt_lib_init_heapregion_libspace_used   0x0800015b   Thumb Code     0  libinit2.o(.ARM.Collect$$libinit$$00000027)
    __rt_lib_init_lc_numeric_1               0x0800015b   Thumb Code     0  libinit2.o(.ARM.Collect$$libinit$$00000017)
    __rt_lib_init_lc_time_1                  0x0800015b   Thumb Code     0  libinit2.o(.ARM.Collect$$libinit$$00000019)
    __rt_lib_init_signal_1                   0x0800015b   Thumb Code     0  libinit2.o(.ARM.Collect$$libinit$$0000001D)
    __rt_lib_init_stdio_1                    0x0800015b   Thumb Code     0  libinit2.o(.ARM.Collect$$libinit$$00000025)
    __rt_lib_init_alloca_1                   0x08000163   Thumb Code     0  libinit2.o(.ARM.Collect$$libinit$$0000002E)
    __rt_lib_init_cpp_1                      0x08000163   Thumb Code     0  libinit2.o(.ARM.Collect$$libinit$$00000032)
    __rt_lib_init_exceptions_1               0x08000163   Thumb Code     0  libinit2.o(.ARM.Collect$$libinit$$00000030)
    __rt_lib_init_return                     0x08000163   Thumb Code     0  libinit2.o(.ARM.Collect$$libinit$$00000033)
    __rt_lib_shutdown                        0x08000165   Thumb Code     0  libshutdown.o(.ARM.Collect$$libshutdown$$00000000)
    __rt_lib_shutdown_cpp_1                  0x08000167   Thumb Code     0  libshutdown2.o(.ARM.Collect$$libshutdown$$00000002)
    __rt_lib_shutdown_fp_trap_1              0x08000167   Thumb Code     0  libshutdown2.o(.ARM.Collect$$libshutdown$$00000007)
    __rt_lib_shutdown_heap_1                 0x08000167   Thumb Code     0  libshutdown2.o(.ARM.Collect$$libshutdown$$0000000F)
    __rt_lib_shutdown_return                 0x08000167   Thumb Code     0  libshutdown2.o(.ARM.Collect$$libshutdown$$00000010)
    __rt_lib_shutdown_signal_1               0x08000167   Thumb Code     0  libshutdown2.o(.ARM.Collect$$libshutdown$$0000000A)
    __rt_lib_shutdown_stdio_1                0x08000167   Thumb Code     0  libshutdown2.o(.ARM.Collect$$libshutdown$$00000004)
    __rt_lib_shutdown_user_alloc_1           0x08000167   Thumb Code     0  libshutdown2.o(.ARM.Collect$$libshutdown$$0000000C)
    __rt_entry                               0x08000169   Thumb Code     0  __rtentry.o(.ARM.Collect$$rtentry$$00000000)
    __rt_entry_presh_1                       0x08000169   Thumb Code     0  __rtentry2.o(.ARM.Collect$$rtentry$$00000002)
    __rt_entry_sh                            0x08000169   Thumb Code     0  __rtentry4.o(.ARM.Collect$$rtentry$$00000004)
    __rt_entry_li                            0x0800016f   Thumb Code     0  __rtentry2.o(.ARM.Collect$$rtentry$$0000000A)
    __rt_entry_postsh_1                      0x0800016f   Thumb Code     0  __rtentry2.o(.ARM.Collect$$rtentry$$00000009)
    __rt_entry_main                          0x08000173   Thumb Code     0  __rtentry2.o(.ARM.Collect$$rtentry$$0000000D)
    __rt_entry_postli_1                      0x08000173   Thumb Code     0  __rtentry2.o(.ARM.Collect$$rtentry$$0000000C)
    __rt_exit                                0x0800017b   Thumb Code     0  rtexit.o(.ARM.Collect$$rtexit$$00000000)
    __rt_exit_ls                             0x0800017d   Thumb Code     0  rtexit2.o(.ARM.Collect$$rtexit$$00000003)
    __rt_exit_prels_1                        0x0800017d   Thumb Code     0  rtexit2.o(.ARM.Collect$$rtexit$$00000002)
    __rt_exit_exit                           0x08000181   Thumb Code     0  rtexit2.o(.ARM.Collect$$rtexit$$00000004)
    __aeabi_memcpy4                          0x08000189   Thumb Code    56  rt_memcpy.o(.emb_text)
    __aeabi_memcpy8                          0x08000189   Thumb Code     0  rt_memcpy.o(.emb_text)
    Reset_Handler                            0x080001c1   Thumb Code     8  startup_stm32l053xx.o(.text)
    ADC1_COMP_IRQHandler                     0x080001d3   Thumb Code     0  startup_stm32l053xx.o(.text)
    DMA1_Channel1_IRQHandler                 0x080001d3   Thumb Code     0  startup_stm32l053xx.o(.text)
    DMA1_Channel2_3_IRQHandler               0x080001d3   Thumb Code     0  startup_stm32l053xx.o(.text)
    DMA1_Channel4_5_6_7_IRQHandler           0x080001d3   Thumb Code     0  startup_stm32l053xx.o(.text)
    EXTI2_3_IRQHandler                       0x080001d3   Thumb Code     0  startup_stm32l053xx.o(.text)
    FLASH_IRQHandler                         0x080001d3   Thumb Code     0  startup_stm32l053xx.o(.text)
    I2C2_IRQHandler                          0x080001d3   Thumb Code     0  startup_stm32l053xx.o(.text)
    LCD_IRQHandler                           0x080001d3   Thumb Code     0  startup_stm32l053xx.o(.text)
    LPTIM1_IRQHandler                        0x080001d3   Thumb Code     0  startup_stm32l053xx.o(.text)
    PVD_IRQHandler                           0x080001d3   Thumb Code     0  startup_stm32l053xx.o(.text)
    SPI1_IRQHandler                          0x080001d3   Thumb Code     0  startup_stm32l053xx.o(.text)
    SPI2_IRQHandler                          0x080001d3   Thumb Code     0  startup_stm32l053xx.o(.text)
    TIM21_IRQHandler                         0x080001d3   Thumb Code     0  startup_stm32l053xx.o(.text)
    TIM22_IRQHandler                         0x080001d3   Thumb Code     0  startup_stm32l053xx.o(.text)
    TIM2_IRQHandler                          0x080001d3   Thumb Code     0  startup_stm32l053xx.o(.text)
    TIM6_DAC_IRQHandler                      0x080001d3   Thumb Code     0  startup_stm32l053xx.o(.text)
    TSC_IRQHandler                           0x080001d3   Thumb Code     0  startup_stm32l053xx.o(.text)
    USART2_IRQHandler                        0x080001d3   Thumb Code     0  startup_stm32l053xx.o(.text)
    USB_IRQHandler                           0x080001d3   Thumb Code     0  startup_stm32l053xx.o(.text)
    WWDG_IRQHandler                          0x080001d3   Thumb Code     0  startup_stm32l053xx.o(.text)
    __user_initial_stackheap                 0x080001d5   Thumb Code     0  startup_stm32l053xx.o(.text)
    abs                                      0x080001f9   Thumb Code     8  abs.o(.text)
    __aeabi_assert                           0x08000201   Thumb Code    82  assert.o(.text)
    __assert                                 0x08000201   Thumb Code     0  assert.o(.text)
    strcpy                                   0x0800027d   Thumb Code    70  strcpy.o(.text)
    strlen                                   0x080002c9   Thumb Code    62  strlen.o(.text)
    strncmp                                  0x0800030d   Thumb Code   154  strncmp.o(.text)
    __aeabi_memcpy                           0x080003ad   Thumb Code   130  rt_memcpy.o(.text)
    __rt_memcpy                              0x080003ad   Thumb Code     0  rt_memcpy.o(.text)
    _memset_w                                0x0800042f   Thumb Code    26  rt_memclr.o(.text)
    _memset                                  0x08000449   Thumb Code    30  rt_memclr.o(.text)
    __aeabi_memclr                           0x08000467   Thumb Code     4  rt_memclr.o(.text)
    __rt_memclr                              0x08000467   Thumb Code     0  rt_memclr.o(.text)
    __aeabi_memclr4                          0x0800046b   Thumb Code     0  rt_memclr.o(.text)
    __aeabi_memclr8                          0x0800046b   Thumb Code     0  rt_memclr.o(.text)
    __rt_memclr_w                            0x0800046b   Thumb Code     4  rt_memclr.o(.text)
    __aeabi_uidiv                            0x0800046f   Thumb Code     0  aeabi_sdiv.o(.text)
    __aeabi_uidivmod                         0x0800046f   Thumb Code    20  aeabi_sdiv.o(.text)
    __aeabi_idiv                             0x08000483   Thumb Code     0  aeabi_sdiv.o(.text)
    __aeabi_idivmod                          0x08000483   Thumb Code   326  aeabi_sdiv.o(.text)
    __use_two_region_memory                  0x080005c9   Thumb Code     2  heapauxi.o(.text)
    __rt_heap_escrow$2region                 0x080005cb   Thumb Code     2  heapauxi.o(.text)
    __rt_heap_expand$2region                 0x080005cd   Thumb Code     2  heapauxi.o(.text)
    __aeabi_d2f                              0x080005d1   Thumb Code     0  d2f.o(.text)
    _d2f                                     0x080005d1   Thumb Code   120  d2f.o(.text)
    __aeabi_dadd                             0x08000945   Thumb Code     0  daddsub.o(.text)
    _dadd                                    0x08000945   Thumb Code    26  daddsub.o(.text)
    __aeabi_dsub                             0x0800095f   Thumb Code     0  daddsub.o(.text)
    _dsub                                    0x0800095f   Thumb Code    22  daddsub.o(.text)
    __aeabi_drsub                            0x08000975   Thumb Code     0  daddsub.o(.text)
    _drsb                                    0x08000975   Thumb Code    28  daddsub.o(.text)
    __aeabi_ddiv                             0x080009a5   Thumb Code     0  ddiv.o(.text)
    _ddiv                                    0x080009a5   Thumb Code  1072  ddiv.o(.text)
    _drdiv                                   0x08000dd5   Thumb Code    20  ddiv.o(.text)
    __aeabi_i2d_normalise                    0x08000ded   Thumb Code    66  dflti.o(.text)
    __aeabi_i2d                              0x08000e2f   Thumb Code    16  dflti.o(.text)
    _dflt                                    0x08000e2f   Thumb Code     0  dflti.o(.text)
    __aeabi_ui2d                             0x08000e3f   Thumb Code     6  dflti.o(.text)
    _dfltu                                   0x08000e3f   Thumb Code     0  dflti.o(.text)
    __aeabi_dmul                             0x08000e45   Thumb Code     0  dmul.o(.text)
    _dmul                                    0x08000e45   Thumb Code   558  dmul.o(.text)
    __aeabi_f2d                              0x0800108d   Thumb Code     0  f2d.o(.text)
    _f2d                                     0x0800108d   Thumb Code    80  f2d.o(.text)
    __aeabi_f2iz                             0x080010e1   Thumb Code     0  ffixi.o(.text)
    _ffix                                    0x080010e1   Thumb Code    76  ffixi.o(.text)
    __aeabi_i2f_normalise                    0x0800112d   Thumb Code    72  fflti.o(.text)
    __aeabi_i2f                              0x08001175   Thumb Code    16  fflti.o(.text)
    _fflt                                    0x08001175   Thumb Code     0  fflti.o(.text)
    __aeabi_ui2f                             0x08001185   Thumb Code     6  fflti.o(.text)
    _ffltu                                   0x08001185   Thumb Code     0  fflti.o(.text)
    __read_errno                             0x0800118b   Thumb Code    10  _rserrno.o(.text)
    __set_errno                              0x08001195   Thumb Code    12  _rserrno.o(.text)
    __strtod_int                             0x080011e7   Thumb Code    98  strtod.o(.text)
    abort                                    0x08001259   Thumb Code    20  abort.o(.text)
    __assert_puts                            0x0800126d   Thumb Code    20  assert_puts.o(.text)
    __ARM_scalbn                             0x08001281   Thumb Code    84  dscalbn.o(.text)
    _ttywrch                                 0x080012e1   Thumb Code    12  sys_wrch.o(.text)
    _sys_exit                                0x080012ed   Thumb Code     8  sys_exit.o(.text)
    __aeabi_errno_addr                       0x080012f9   Thumb Code     8  rt_errno_addr_intlibspace.o(.text)
    __errno$intlibspace                      0x080012f9   Thumb Code     0  rt_errno_addr_intlibspace.o(.text)
    __rt_errno_addr$intlibspace              0x080012f9   Thumb Code     0  rt_errno_addr_intlibspace.o(.text)
    isspace                                  0x08001301   Thumb Code    18  isspace.o(.text)
    _sgetc                                   0x08001313   Thumb Code    32  _sgetc.o(.text)
    _sbackspace                              0x08001333   Thumb Code    36  _sgetc.o(.text)
    __rt_SIGABRT                             0x08001357   Thumb Code    12  defsig_abrt_outer.o(.text)
    __fpl_dcmp_InfNaN                        0x08001365   Thumb Code   154  dcmpin.o(.text)
    _dsqrt                                   0x08001405   Thumb Code   248  dsqrt.o(.text)
    __user_libspace                          0x08001505   Thumb Code     8  libspace.o(.text)
    __user_perproc_libspace                  0x08001505   Thumb Code     0  libspace.o(.text)
    __user_perthread_libspace                0x08001505   Thumb Code     0  libspace.o(.text)
    __I$use$semihosting                      0x0800150d   Thumb Code     0  use_no_semi.o(.text)
    __use_no_semihosting_swi                 0x0800150d   Thumb Code     2  use_no_semi.o(.text)
    __semihosting_library_function           0x0800150f   Thumb Code     0  indicate_semi.o(.text)
    __user_setup_stackheap                   0x0800150f   Thumb Code    62  sys_stackheap_outer.o(.text)
    __rt_ctype_table                         0x0800154d   Thumb Code    16  rt_ctype_table.o(.text)
    _scanf_really_real                       0x080017b7   Thumb Code   710  scanf_fp.o(.text)
    exit                                     0x08001a7d   Thumb Code    16  exit.o(.text)
    __sig_exit                               0x08001a8d   Thumb Code    12  defsig_exit.o(.text)
    __rt_SIGABRT_inner                       0x08001a99   Thumb Code    14  defsig_abrt_inner.o(.text)
    strcmp                                   0x08001ac9   Thumb Code   132  strcmp.o(.text)
    __fpl_cmpreturn                          0x08001b51   Thumb Code    46  cmpret.o(.text)
    __fpl_dcheck_NaN2                        0x08001b81   Thumb Code    14  dnan2.o(.text)
    __rt_locale                              0x08001b95   Thumb Code     8  rt_locale_intlibspace.o(.text)
    __aeabi_llsl                             0x08001b9d   Thumb Code    32  llshl.o(.text)
    _ll_shift_l                              0x08001b9d   Thumb Code     0  llshl.o(.text)
    __aeabi_lmul                             0x08001bbd   Thumb Code    48  llmul.o(.text)
    _ll_mul                                  0x08001bbd   Thumb Code     0  llmul.o(.text)
    _btod_etento                             0x08001bed   Thumb Code   210  bigflt0.o(.text)
    _btod_d2e                                0x08001cc5   Thumb Code    64  btod.o(.text)
    _btod_emul                               0x080020f9   Thumb Code    28  btod.o(.text)
    _btod_emuld                              0x08002115   Thumb Code   144  btod.o(.text)
    _btod_ediv                               0x080021a5   Thumb Code    26  btod.o(.text)
    _btod_edivd                              0x080021bf   Thumb Code   124  btod.o(.text)
    __default_signal_display                 0x08002245   Thumb Code    52  defsig_general.o(.text)
    __ARM_argv_veneer                        0x08002279   Thumb Code     8  argv_veneer.o(.text)
    __fpl_return_NaN                         0x08002281   Thumb Code    94  retnan.o(.text)
    _scanf_really_hex_real                   0x080022e1   Thumb Code   806  scanf_hexfp.o(.text)
    _scanf_really_infnan                     0x08002615   Thumb Code   300  scanf_infnan.o(.text)
    __argv_alloc                             0x08002751   Thumb Code    34  _get_argv_nomalloc.o(.text)
    __ARM_get_argv                           0x08002773   Thumb Code   272  _get_argv_nomalloc.o(.text)
    _sys_command_string                      0x08002883   Thumb Code    26  sys_command.o(.text)
    __use_no_heap_region                     0x0800289d   Thumb Code     2  hrguard.o(.text)
    __heap_region$guard                      0x0800289f   Thumb Code     2  hrguard.o(.text)
    _chval                                   0x080028a1   Thumb Code    30  _chval.o(.text)
    __rt_SIGRTMEM_inner                      0x080028c1   Thumb Code    22  defsig_rtmem_inner.o(.text)
    __rt_SIGRTMEM                            0x08002911   Thumb Code    12  defsig_rtmem_outer.o(.text)
    ConfigureExtendedIT                      0x0800291d   Thumb Code    84  main.o(.text.ConfigureExtendedIT)
    Configure_DBG                            0x08002969   Thumb Code    60  button.o(.text.Configure_DBG)
    Configure_GPIO_LPUART                    0x080029a1   Thumb Code    60  zigbee.o(.text.Configure_GPIO_LPUART)
    Configure_LPUART                         0x080029d5   Thumb Code   148  zigbee.o(.text.Configure_LPUART)
    EXTI0_1_IRQHandler                       0x08002a61   Thumb Code    32  interrupt.o(.text.EXTI0_1_IRQHandler)
    EXTI4_15_IRQHandler                      0x08002a7d   Thumb Code   108  interrupt.o(.text.EXTI4_15_IRQHandler)
    GPSdataUpdate                            0x08002ae9   Thumb Code   284  cam_m8q.o(.text.GPSdataUpdate)
    HardFault_Handler                        0x08002c05   Thumb Code    10  interrupt.o(.text.HardFault_Handler)
    I2C1_IRQHandler                          0x08002c11   Thumb Code    16  interrupt.o(.text.I2C1_IRQHandler)
    I2C_Init                                 0x08002c1d   Thumb Code   236  i2c.o(.text.I2C_Init)
    I2C_Read_Reg                             0x08002d09   Thumb Code   220  i2c.o(.text.I2C_Read_Reg)
    I2C_Write_Bulk                           0x08002dd5   Thumb Code   260  i2c.o(.text.I2C_Write_Bulk)
    IMUtoString                              0x08002ed9   Thumb Code   240  zigbee.o(.text.IMUtoString)
    ImuIntPinsInit                           0x08002fc9   Thumb Code    88  main.o(.text.ImuIntPinsInit)
    LPUART1_PutChar                          0x08003021   Thumb Code    48  zigbee.o(.text.LPUART1_PutChar)
    LPUART1_Send                             0x08003051   Thumb Code    58  zigbee.o(.text.LPUART1_Send)
    LPUART1_Send_DataPack                    0x0800308b   Thumb Code    52  zigbee.o(.text.LPUART1_Send_DataPack)
    NMEA_GxGGA_RECEIVED                      0x080030c1   Thumb Code   340  cam_m8q.o(.text.NMEA_GxGGA_RECEIVED)
    NMEA_GxRMC_RECEIVED                      0x08003211   Thumb Code   204  cam_m8q.o(.text.NMEA_GxRMC_RECEIVED)
    NMI_Handler                              0x080032dd   Thumb Code     2  interrupt.o(.text.NMI_Handler)
    PendSV_Handler                           0x0800362d   Thumb Code     2  interrupt.o(.text.PendSV_Handler)
    RCC_CRS_IRQHandler                       0x08003631   Thumb Code    96  interrupt.o(.text.RCC_CRS_IRQHandler)
    RNG_LPUART1_IRQHandler                   0x08003689   Thumb Code   164  zigbee.o(.text.RNG_LPUART1_IRQHandler)
    RTC_IRQHandler                           0x0800372d   Thumb Code    32  interrupt.o(.text.RTC_IRQHandler)
    RecDataToGPSbuffer                       0x0800374d   Thumb Code   292  cam_m8q.o(.text.RecDataToGPSbuffer)
    SVC_Handler                              0x08003871   Thumb Code     2  interrupt.o(.text.SVC_Handler)
    SysTick_Handler                          0x08003919   Thumb Code     8  interrupt.o(.text.SysTick_Handler)
    SystemCoreClockUpdate                    0x08003921   Thumb Code   284  system_stm32l0xx.o(.text.SystemCoreClockUpdate)
    SystemInit                               0x08003a3d   Thumb Code   100  system_stm32l0xx.o(.text.SystemInit)
    USART1_IRQHandler                        0x08003aa1   Thumb Code    52  cam_m8q.o(.text.USART1_IRQHandler)
    USART1_Init                              0x08003ad1   Thumb Code   216  cam_m8q.o(.text.USART1_Init)
    USART1_PutChar                           0x08003ba5   Thumb Code    48  cam_m8q.o(.text.USART1_PutChar)
    butread                                  0x08003bd5   Thumb Code   248  button.o(.text.butread)
    buttonPressed                            0x08003ccd   Thumb Code    44  button.o(.text.buttonPressed)
    button_init                              0x08003cf9   Thumb Code    64  button.o(.text.button_init)
    checkAccelerometer                       0x08003d39   Thumb Code    18  mma8452q.o(.text.checkAccelerometer)
    checkGyro                                0x08003d4b   Thumb Code    18  fxas21002.o(.text.checkGyro)
    checkMagnetometer                        0x08003d5d   Thumb Code    18  iis2mdc_reg.o(.text.checkMagnetometer)
    conGpsDataToDecDegree                    0x08003d71   Thumb Code   284  zigbee.o(.text.conGpsDataToDecDegree)
    filterAccData                            0x08003e8d   Thumb Code   400  mma8452q.o(.text.filterAccData)
    filterGyroData                           0x0800401d   Thumb Code   400  fxas21002.o(.text.filterGyroData)
    filterMagData                            0x080041ad   Thumb Code   400  iis2mdc_reg.o(.text.filterMagData)
    ftoa                                     0x0800433d   Thumb Code   180  zigbee.o(.text.ftoa)
    gpio_init                                0x08004415   Thumb Code   764  gpio.o(.text.gpio_init)
    hw_init                                  0x08004755   Thumb Code    56  hw.o(.text.hw_init)
    hw_initSysclock                          0x0800478d   Thumb Code   232  hw.o(.text.hw_initSysclock)
    initGPSubxData                           0x08004875   Thumb Code   508  cam_m8q.o(.text.initGPSubxData)
    intToStr                                 0x08004a71   Thumb Code   122  zigbee.o(.text.intToStr)
    itoa                                     0x08004aeb   Thumb Code   216  zigbee.o(.text.itoa)
    ledUpdate                                0x08004bc5   Thumb Code   188  main.o(.text.ledUpdate)
    led_init                                 0x08004c81   Thumb Code   144  led.o(.text.led_init)
    main                                     0x08004d0d   Thumb Code   512  main.o(.text.main)
    packAllDataforZigbee                     0x08004f09   Thumb Code   644  zigbee.o(.text.packAllDataforZigbee)
    read_acc                                 0x0800518d   Thumb Code   568  mma8452q.o(.text.read_acc)
    read_gyro                                0x080053c5   Thumb Code   180  fxas21002.o(.text.read_gyro)
    read_magneto                             0x08005479   Thumb Code   192  iis2mdc_reg.o(.text.read_magneto)
    recordToAccBuffer                        0x08005539   Thumb Code   116  mma8452q.o(.text.recordToAccBuffer)
    recordToGyroBuffer                       0x080055ad   Thumb Code   116  fxas21002.o(.text.recordToGyroBuffer)
    recordToMagBuffer                        0x08005621   Thumb Code   116  iis2mdc_reg.o(.text.recordToMagBuffer)
    reverse                                  0x08005695   Thumb Code    80  zigbee.o(.text.reverse)
    reverseInt                               0x080056e5   Thumb Code    66  zigbee.o(.text.reverseInt)
    rf_led_clear                             0x08005729   Thumb Code    16  led.o(.text.rf_led_clear)
    rf_led_set                               0x08005735   Thumb Code    16  led.o(.text.rf_led_set)
    rgb_blue_led_clear                       0x08005741   Thumb Code    16  led.o(.text.rgb_blue_led_clear)
    rgb_blue_led_set                         0x0800574d   Thumb Code    16  led.o(.text.rgb_blue_led_set)
    rgb_control_clear                        0x08005759   Thumb Code    16  led.o(.text.rgb_control_clear)
    rgb_control_set                          0x08005765   Thumb Code    16  led.o(.text.rgb_control_set)
    rgb_green_led_clear                      0x08005771   Thumb Code    16  led.o(.text.rgb_green_led_clear)
    rgb_green_led_set                        0x0800577d   Thumb Code    16  led.o(.text.rgb_green_led_set)
    rgb_red_led_clear                        0x0800578d   Thumb Code    14  led.o(.text.rgb_red_led_clear)
    rgb_red_led_set                          0x0800579b   Thumb Code    14  led.o(.text.rgb_red_led_set)
    start_acc                                0x080057a9   Thumb Code   122  mma8452q.o(.text.start_acc)
    start_gyro                               0x08005823   Thumb Code    66  fxas21002.o(.text.start_gyro)
    start_magneto                            0x08005865   Thumb Code   100  iis2mdc_reg.o(.text.start_magneto)
    swap                                     0x080058c9   Thumb Code    40  zigbee.o(.text.swap)
    systick_delayMs                          0x080058f1   Thumb Code    44  systick.o(.text.systick_delayMs)
    systick_irq                              0x08005919   Thumb Code   268  systick.o(.text.systick_irq)
    __ARM_common_ll_muluu                    0x08005a25   Thumb Code    48  btod.o(i.__ARM_common_ll_muluu)
    __ARM_fpclassify                         0x08005a55   Thumb Code    40  fpclassify.o(i.__ARM_fpclassify)
    __kernel_poly                            0x08005a81   Thumb Code   172  poly.o(i.__kernel_poly)
    __mathlib_dbl_divzero                    0x08005b2d   Thumb Code    16  dunder.o(i.__mathlib_dbl_divzero)
    __mathlib_dbl_infnan2                    0x08005b41   Thumb Code     8  dunder.o(i.__mathlib_dbl_infnan2)
    __mathlib_dbl_invalid                    0x08005b49   Thumb Code    16  dunder.o(i.__mathlib_dbl_invalid)
    __mathlib_dbl_overflow                   0x08005b59   Thumb Code    16  dunder.o(i.__mathlib_dbl_overflow)
    __mathlib_dbl_underflow                  0x08005b6d   Thumb Code    14  dunder.o(i.__mathlib_dbl_underflow)
    __mathlib_narrow                         0x08005b81   Thumb Code    16  narrow.o(i.__mathlib_narrow)
    __mathlib_tofloat                        0x08005b91   Thumb Code   190  narrow.o(i.__mathlib_tofloat)
    __support_ldexp                          0x08005c59   Thumb Code    20  ldexp.o(i.__support_ldexp)
    _is_digit                                0x08005c6d   Thumb Code    14  scanf_fp.o(i._is_digit)
    atof                                     0x08005c7b   Thumb Code    44  atof.o(i.atof)
    frexp                                    0x08005ca9   Thumb Code    72  frexp.o(i.frexp)
    ldexp                                    0x08005d01   Thumb Code   112  ldexp.o(i.ldexp)
    modf                                     0x08005d71   Thumb Code   136  modf.o(i.modf)
    pow                                      0x08005e01   Thumb Code  2548  pow.o(i.pow)
    sqrt                                     0x080067fd   Thumb Code    66  sqrt.o(i.sqrt)
    _get_lc_numeric                          0x08006845   Thumb Code    44  lc_numeric_c.o(locale$$code)
    _get_lc_ctype                            0x08006871   Thumb Code    44  lc_ctype_c.o(locale$$code)
    __aeabi_cdcmpeq                          0x0800689d   Thumb Code     0  deqf.o(x$fpl$deqf)
    _dcmpeq                                  0x0800689d   Thumb Code    94  deqf.o(x$fpl$deqf)
    __aeabi_cdrcmple                         0x08006901   Thumb Code     0  drlef.o(x$fpl$drleqf)
    _drcmple                                 0x08006901   Thumb Code   100  drlef.o(x$fpl$drleqf)
    __aeabi_fadd                             0x08006969   Thumb Code     0  faddsub.o(x$fpl$fadd)
    _fadd                                    0x08006969   Thumb Code   134  faddsub.o(x$fpl$fadd)
    __aeabi_fsub                             0x080069f5   Thumb Code     0  faddsub.o(x$fpl$fsub)
    _fsub                                    0x080069f5   Thumb Code   204  faddsub.o(x$fpl$fsub)
    _scanf_real                              0x08006ac5   Thumb Code    16  scanf1.o(x$fpl$scanf1)
    _scanf_hex_real                          0x08006ad5   Thumb Code    16  scanf2.o(x$fpl$scanf2)
    _scanf_infnan                            0x08006ae5   Thumb Code    16  scanf2.o(x$fpl$scanf2)
    __I$use$fp                               0x08006af4   Number         0  usenofp.o(x$fpl$usenofp)
    __mathlib_zero                           0x08006c00   Data           8  qnan.o(.constdata)
    AHBPrescTable                            0x08006c9c   Data          16  system_stm32l0xx.o(.rodata.AHBPrescTable)
    PLLMulTable                              0x08006caf   Data           9  system_stm32l0xx.o(.rodata.PLLMulTable)
    Region$$Table$$Base                      0x08006dac   Number         0  anon$$obj.o(Region$$Table)
    Region$$Table$$Limit                     0x08006dcc   Number         0  anon$$obj.o(Region$$Table)
    __aeabi_HUGE_VAL                         0x08006dcc   Data           0  fpconst.o(c$$dinf)
    __aeabi_HUGE_VALL                        0x08006dcc   Data           0  fpconst.o(c$$dinf)
    __aeabi_INFINITY                         0x08006dcc   Data           0  fpconst.o(c$$dinf)
    __dInf                                   0x08006dcc   Data           0  fpconst.o(c$$dinf)
    __huge_val                               0x08006dcc   Data           0  fpconst.o(c$$dinf)
    __dbl_max                                0x08006dd4   Data           0  fpconst.o(c$$dmax)
    __ctype                                  0x08006e05   Data           0  lc_ctype_c.o(locale$$data)
    GPS_ALTITUDE_DATA_BUF                    0x20000000   Data           6  cam_m8q.o(.data.GPS_ALTITUDE_DATA_BUF)
    GPS_DATE_BUF                             0x20000006   Data           7  cam_m8q.o(.data.GPS_DATE_BUF)
    GPS_FIX_DATA_BUF                         0x2000000d   Data           2  cam_m8q.o(.data.GPS_FIX_DATA_BUF)
    GPS_LAT_BUF                              0x2000000f   Data          11  cam_m8q.o(.data.GPS_LAT_BUF)
    GPS_LON_BUF                              0x2000001a   Data          12  cam_m8q.o(.data.GPS_LON_BUF)
    GPS_TIME_BUF                             0x20000026   Data          10  cam_m8q.o(.data.GPS_TIME_BUF)
    GPS_VELOCITY_BUF                         0x20000030   Data           6  cam_m8q.o(.data.GPS_VELOCITY_BUF)
    SystemCoreClock                          0x20000038   Data           4  system_stm32l0xx.o(.data.SystemCoreClock)
    butdat                                   0x2000003c   Data           1  button.o(.data.butdat)
    button                                   0x2000003d   Data           1  button.o(.data.button)
    latString                                0x2000003e   Data          12  zigbee.o(.data.latString)
    lonString                                0x2000004a   Data          12  zigbee.o(.data.lonString)
    __libspace_start                         0x20000058   Data          96  libspace.o(.bss)
    ACC_X_BUF                                0x200000b8   Data           4  mma8452q.o(.bss.ACC_X_BUF)
    __temporary_stack_top$libspace           0x200000b8   Data           0  libspace.o(.bss)
    ACC_Y_BUF                                0x200000bc   Data           4  mma8452q.o(.bss.ACC_Y_BUF)
    ACC_Z_BUF                                0x200000c0   Data           4  mma8452q.o(.bss.ACC_Z_BUF)
    ChIndex                                  0x200000c4   Data           1  zigbee.o(.bss.ChIndex)
    Device_Ack_Flag                          0x200000c5   Data           1  zigbee.o(.bss.Device_Ack_Flag)
    GPS_DATA_BUF                             0x200000c6   Data         164  cam_m8q.o(.bss.GPS_DATA_BUF)
    GPS_DATA_BUF_TMP                         0x2000016a   Data         164  cam_m8q.o(.bss.GPS_DATA_BUF_TMP)
    GYRO_X_BUF                               0x20000210   Data           4  fxas21002.o(.bss.GYRO_X_BUF)
    GYRO_Y_BUF                               0x20000214   Data           4  fxas21002.o(.bss.GYRO_Y_BUF)
    GYRO_Z_BUF                               0x20000218   Data           4  fxas21002.o(.bss.GYRO_Z_BUF)
    I2C1_RX_Data                             0x2000021c   Data           4  i2c.o(.bss.I2C1_RX_Data)
    MAG_X_BUF                                0x20000220   Data           4  iis2mdc_reg.o(.bss.MAG_X_BUF)
    MAG_Y_BUF                                0x20000224   Data           4  iis2mdc_reg.o(.bss.MAG_Y_BUF)
    MAG_Z_BUF                                0x20000228   Data           4  iis2mdc_reg.o(.bss.MAG_Z_BUF)
    RGB200msCnt                              0x2000022c   Data           4  main.o(.bss.RGB200msCnt)
    RX_Data                                  0x20000230   Data         512  zigbee.o(.bss.RX_Data)
    Rx_Data                                  0x20000430   Data           1  cam_m8q.o(.bss.Rx_Data)
    TMP_ACC_X_BUF                            0x20000434   Data          40  mma8452q.o(.bss.TMP_ACC_X_BUF)
    TMP_ACC_Y_BUF                            0x2000045c   Data          40  mma8452q.o(.bss.TMP_ACC_Y_BUF)
    TMP_ACC_Z_BUF                            0x20000484   Data          40  mma8452q.o(.bss.TMP_ACC_Z_BUF)
    TMP_GYRO_X_BUF                           0x200004ac   Data          40  fxas21002.o(.bss.TMP_GYRO_X_BUF)
    TMP_GYRO_Y_BUF                           0x200004d4   Data          40  fxas21002.o(.bss.TMP_GYRO_Y_BUF)
    TMP_GYRO_Z_BUF                           0x200004fc   Data          40  fxas21002.o(.bss.TMP_GYRO_Z_BUF)
    TMP_MAG_X_BUF                            0x20000524   Data          40  iis2mdc_reg.o(.bss.TMP_MAG_X_BUF)
    TMP_MAG_Y_BUF                            0x2000054c   Data          40  iis2mdc_reg.o(.bss.TMP_MAG_Y_BUF)
    TMP_MAG_Z_BUF                            0x20000574   Data          40  iis2mdc_reg.o(.bss.TMP_MAG_Z_BUF)
    XBee_Message                             0x2000059c   Data         512  zigbee.o(.bss.XBee_Message)
    XBee_Ready_To_Read                       0x2000079c   Data           1  zigbee.o(.bss.XBee_Ready_To_Read)
    accCnt                                   0x200007a0   Data           4  mma8452q.o(.bss.accCnt)
    cnt10s                                   0x200007a4   Data           4  systick.o(.bss.cnt10s)
    cnt1s                                    0x200007a8   Data           4  systick.o(.bss.cnt1s)
    cnt200ms                                 0x200007ac   Data           4  systick.o(.bss.cnt200ms)
    cnt20ms                                  0x200007b0   Data           4  systick.o(.bss.cnt20ms)
    cnt2ms                                   0x200007b4   Data           4  systick.o(.bss.cnt2ms)
    cnt2s                                    0x200007b8   Data           4  systick.o(.bss.cnt2s)
    dataPack                                 0x200007bc   Data         330  zigbee.o(.bss.dataPack)
    f10s                                     0x20000908   Data           4  systick.o(.bss.f10s)
    f1ms                                     0x2000090c   Data           4  systick.o(.bss.f1ms)
    f1s                                      0x20000910   Data           4  systick.o(.bss.f1s)
    f200ms                                   0x20000914   Data           4  systick.o(.bss.f200ms)
    f20ms                                    0x20000918   Data           4  systick.o(.bss.f20ms)
    f2ms                                     0x2000091c   Data           4  systick.o(.bss.f2ms)
    f2s                                      0x20000920   Data           4  systick.o(.bss.f2s)
    fButtonON                                0x20000924   Data           4  button.o(.bss.fButtonON)
    fGPSdataUpdate                           0x20000928   Data           4  cam_m8q.o(.bss.fGPSdataUpdate)
    fReadAcc                                 0x2000092c   Data           4  interrupt.o(.bss.fReadAcc)
    fReadGyro                                0x20000930   Data           4  interrupt.o(.bss.fReadGyro)
    fReadMagneto                             0x20000934   Data           4  interrupt.o(.bss.fReadMagneto)
    gyroCnt                                  0x20000938   Data           4  fxas21002.o(.bss.gyroCnt)
    i                                        0x2000093c   Data           4  cam_m8q.o(.bss.i)
    j                                        0x20000940   Data           4  cam_m8q.o(.bss.j)
    lvd2cnt                                  0x20000944   Data           1  button.o(.bss.lvd2cnt)
    lvdcnt                                   0x20000945   Data           1  button.o(.bss.lvdcnt)
    magCnt                                   0x20000948   Data           4  iis2mdc_reg.o(.bss.magCnt)
    newGyro                                  0x2000094c   Data           6  fxas21002.o(.bss.newGyro)
    newMag                                   0x20000952   Data           6  iis2mdc_reg.o(.bss.newMag)
    presdb                                   0x20000958   Data           1  button.o(.bss.presdb)
    prvbut                                   0x20000959   Data           1  button.o(.bss.prvbut)
    prvdat                                   0x2000095a   Data           1  button.o(.bss.prvdat)
    sensorReadCnt                            0x2000095c   Data           4  main.o(.bss.sensorReadCnt)
    sensorReadErrorCnt                       0x20000960   Data           4  main.o(.bss.sensorReadErrorCnt)
    serialized_string                        0x20000964   Data         330  zigbee.o(.bss.serialized_string)
    strAccX                                  0x20000aae   Data           6  zigbee.o(.bss.strAccX)
    strAccY                                  0x20000ab4   Data           6  zigbee.o(.bss.strAccY)
    strAccZ                                  0x20000aba   Data           6  zigbee.o(.bss.strAccZ)
    strGyroX                                 0x20000ac0   Data           6  zigbee.o(.bss.strGyroX)
    strGyroY                                 0x20000ac6   Data           6  zigbee.o(.bss.strGyroY)
    strGyroZ                                 0x20000acc   Data           6  zigbee.o(.bss.strGyroZ)
    strMagX                                  0x20000ad2   Data           6  zigbee.o(.bss.strMagX)
    strMagY                                  0x20000ad8   Data           6  zigbee.o(.bss.strMagY)
    strMagZ                                  0x20000ade   Data           6  zigbee.o(.bss.strMagZ)
    u32Tick                                  0x20000ae4   Data           4  systick.o(.bss.u32Tick)
    vdcnt                                    0x20000ae8   Data           1  button.o(.bss.vdcnt)



==============================================================================

Memory Map of the image

  Image Entry point : 0x080000c1

  Load Region LR_IROM1 (Base: 0x08000000, Size: 0x00006f60, Max: 0x00010000, ABSOLUTE)

    Execution Region ER_IROM1 (Exec base: 0x08000000, Load base: 0x08000000, Size: 0x00006f08, Max: 0x00010000, ABSOLUTE)

    Exec Addr    Load Addr    Size         Type   Attr      Idx    E Section Name        Object

    0x08000000   0x08000000   0x000000c0   Data   RO          456    RESET               startup_stm32l053xx.o
    0x080000c0   0x080000c0   0x00000008   Code   RO          504  * !!!main             c_p.l(__main.o)
    0x080000c8   0x080000c8   0x0000003c   Code   RO          895    !!!scatter          c_p.l(__scatter.o)
    0x08000104   0x08000104   0x0000001a   Code   RO          897    !!handler_copy      c_p.l(__scatter_copy.o)
    0x0800011e   0x0800011e   0x00000002   PAD
    0x08000120   0x08000120   0x0000001c   Code   RO          899    !!handler_zi        c_p.l(__scatter_zi.o)
    0x0800013c   0x0800013c   0x00000002   Code   RO          682    .ARM.Collect$$libinit$$00000000  c_p.l(libinit.o)
    0x0800013e   0x0800013e   0x00000000   Code   RO          684    .ARM.Collect$$libinit$$00000002  c_p.l(libinit2.o)
    0x0800013e   0x0800013e   0x00000000   Code   RO          686    .ARM.Collect$$libinit$$00000004  c_p.l(libinit2.o)
    0x0800013e   0x0800013e   0x00000000   Code   RO          689    .ARM.Collect$$libinit$$0000000A  c_p.l(libinit2.o)
    0x0800013e   0x0800013e   0x00000000   Code   RO          691    .ARM.Collect$$libinit$$0000000C  c_p.l(libinit2.o)
    0x0800013e   0x0800013e   0x00000000   Code   RO          693    .ARM.Collect$$libinit$$0000000E  c_p.l(libinit2.o)
    0x0800013e   0x0800013e   0x00000006   Code   RO          694    .ARM.Collect$$libinit$$0000000F  c_p.l(libinit2.o)
    0x08000144   0x08000144   0x00000000   Code   RO          696    .ARM.Collect$$libinit$$00000011  c_p.l(libinit2.o)
    0x08000144   0x08000144   0x0000000c   Code   RO          697    .ARM.Collect$$libinit$$00000012  c_p.l(libinit2.o)
    0x08000150   0x08000150   0x00000000   Code   RO          698    .ARM.Collect$$libinit$$00000013  c_p.l(libinit2.o)
    0x08000150   0x08000150   0x00000000   Code   RO          700    .ARM.Collect$$libinit$$00000015  c_p.l(libinit2.o)
    0x08000150   0x08000150   0x0000000a   Code   RO          701    .ARM.Collect$$libinit$$00000016  c_p.l(libinit2.o)
    0x0800015a   0x0800015a   0x00000000   Code   RO          702    .ARM.Collect$$libinit$$00000017  c_p.l(libinit2.o)
    0x0800015a   0x0800015a   0x00000000   Code   RO          704    .ARM.Collect$$libinit$$00000019  c_p.l(libinit2.o)
    0x0800015a   0x0800015a   0x00000000   Code   RO          706    .ARM.Collect$$libinit$$0000001B  c_p.l(libinit2.o)
    0x0800015a   0x0800015a   0x00000000   Code   RO          708    .ARM.Collect$$libinit$$0000001D  c_p.l(libinit2.o)
    0x0800015a   0x0800015a   0x00000000   Code   RO          710    .ARM.Collect$$libinit$$0000001F  c_p.l(libinit2.o)
    0x0800015a   0x0800015a   0x00000000   Code   RO          712    .ARM.Collect$$libinit$$00000021  c_p.l(libinit2.o)
    0x0800015a   0x0800015a   0x00000000   Code   RO          714    .ARM.Collect$$libinit$$00000023  c_p.l(libinit2.o)
    0x0800015a   0x0800015a   0x00000000   Code   RO          716    .ARM.Collect$$libinit$$00000025  c_p.l(libinit2.o)
    0x0800015a   0x0800015a   0x00000008   Code   RO          718    .ARM.Collect$$libinit$$00000027  c_p.l(libinit2.o)
    0x08000162   0x08000162   0x00000000   Code   RO          722    .ARM.Collect$$libinit$$0000002E  c_p.l(libinit2.o)
    0x08000162   0x08000162   0x00000000   Code   RO          724    .ARM.Collect$$libinit$$00000030  c_p.l(libinit2.o)
    0x08000162   0x08000162   0x00000000   Code   RO          726    .ARM.Collect$$libinit$$00000032  c_p.l(libinit2.o)
    0x08000162   0x08000162   0x00000002   Code   RO          727    .ARM.Collect$$libinit$$00000033  c_p.l(libinit2.o)
    0x08000164   0x08000164   0x00000002   Code   RO          864    .ARM.Collect$$libshutdown$$00000000  c_p.l(libshutdown.o)
    0x08000166   0x08000166   0x00000000   Code   RO          878    .ARM.Collect$$libshutdown$$00000002  c_p.l(libshutdown2.o)
    0x08000166   0x08000166   0x00000000   Code   RO          880    .ARM.Collect$$libshutdown$$00000004  c_p.l(libshutdown2.o)
    0x08000166   0x08000166   0x00000000   Code   RO          883    .ARM.Collect$$libshutdown$$00000007  c_p.l(libshutdown2.o)
    0x08000166   0x08000166   0x00000000   Code   RO          886    .ARM.Collect$$libshutdown$$0000000A  c_p.l(libshutdown2.o)
    0x08000166   0x08000166   0x00000000   Code   RO          888    .ARM.Collect$$libshutdown$$0000000C  c_p.l(libshutdown2.o)
    0x08000166   0x08000166   0x00000000   Code   RO          891    .ARM.Collect$$libshutdown$$0000000F  c_p.l(libshutdown2.o)
    0x08000166   0x08000166   0x00000002   Code   RO          892    .ARM.Collect$$libshutdown$$00000010  c_p.l(libshutdown2.o)
    0x08000168   0x08000168   0x00000000   Code   RO          552    .ARM.Collect$$rtentry$$00000000  c_p.l(__rtentry.o)
    0x08000168   0x08000168   0x00000000   Code   RO          606    .ARM.Collect$$rtentry$$00000002  c_p.l(__rtentry2.o)
    0x08000168   0x08000168   0x00000006   Code   RO          618    .ARM.Collect$$rtentry$$00000004  c_p.l(__rtentry4.o)
    0x0800016e   0x0800016e   0x00000000   Code   RO          608    .ARM.Collect$$rtentry$$00000009  c_p.l(__rtentry2.o)
    0x0800016e   0x0800016e   0x00000004   Code   RO          609    .ARM.Collect$$rtentry$$0000000A  c_p.l(__rtentry2.o)
    0x08000172   0x08000172   0x00000000   Code   RO          611    .ARM.Collect$$rtentry$$0000000C  c_p.l(__rtentry2.o)
    0x08000172   0x08000172   0x00000008   Code   RO          612    .ARM.Collect$$rtentry$$0000000D  c_p.l(__rtentry2.o)
    0x0800017a   0x0800017a   0x00000002   Code   RO          733    .ARM.Collect$$rtexit$$00000000  c_p.l(rtexit.o)
    0x0800017c   0x0800017c   0x00000000   Code   RO          790    .ARM.Collect$$rtexit$$00000002  c_p.l(rtexit2.o)
    0x0800017c   0x0800017c   0x00000004   Code   RO          791    .ARM.Collect$$rtexit$$00000003  c_p.l(rtexit2.o)
    0x08000180   0x08000180   0x00000006   Code   RO          792    .ARM.Collect$$rtexit$$00000004  c_p.l(rtexit2.o)
    0x08000186   0x08000186   0x00000002   PAD
    0x08000188   0x08000188   0x00000038   Code   RO          490    .emb_text           c_p.l(rt_memcpy.o)
    0x080001c0   0x080001c0   0x00000038   Code   RO          457    .text               startup_stm32l053xx.o
    0x080001f8   0x080001f8   0x00000008   Code   RO          480    .text               c_p.l(abs.o)
    0x08000200   0x08000200   0x0000007c   Code   RO          482    .text               c_p.l(assert.o)
    0x0800027c   0x0800027c   0x0000004c   Code   RO          484    .text               c_p.l(strcpy.o)
    0x080002c8   0x080002c8   0x00000044   Code   RO          486    .text               c_p.l(strlen.o)
    0x0800030c   0x0800030c   0x000000a0   Code   RO          488    .text               c_p.l(strncmp.o)
    0x080003ac   0x080003ac   0x00000082   Code   RO          491    .text               c_p.l(rt_memcpy.o)
    0x0800042e   0x0800042e   0x00000040   Code   RO          494    .text               c_p.l(rt_memclr.o)
    0x0800046e   0x0800046e   0x0000015a   Code   RO          498    .text               c_p.l(aeabi_sdiv.o)
    0x080005c8   0x080005c8   0x00000006   Code   RO          502    .text               c_p.l(heapauxi.o)
    0x080005ce   0x080005ce   0x00000002   PAD
    0x080005d0   0x080005d0   0x0000007c   Code   RO          506    .text               fz_ps.l(d2f.o)
    0x0800064c   0x0800064c   0x00000358   Code   RO          508    .text               fz_ps.l(daddsub.o)
    0x080009a4   0x080009a4   0x00000448   Code   RO          510    .text               fz_ps.l(ddiv.o)
    0x08000dec   0x08000dec   0x00000058   Code   RO          513    .text               fz_ps.l(dflti.o)
    0x08000e44   0x08000e44   0x00000248   Code   RO          515    .text               fz_ps.l(dmul.o)
    0x0800108c   0x0800108c   0x00000054   Code   RO          517    .text               fz_ps.l(f2d.o)
    0x080010e0   0x080010e0   0x0000004c   Code   RO          528    .text               fz_ps.l(ffixi.o)
    0x0800112c   0x0800112c   0x0000005e   Code   RO          530    .text               fz_ps.l(fflti.o)
    0x0800118a   0x0800118a   0x00000016   Code   RO          557    .text               c_p.l(_rserrno.o)
    0x080011a0   0x080011a0   0x000000b8   Code   RO          559    .text               c_p.l(strtod.o)
    0x08001258   0x08001258   0x00000014   Code   RO          561    .text               c_p.l(abort.o)
    0x0800126c   0x0800126c   0x00000014   Code   RO          563    .text               c_p.l(assert_puts.o)
    0x08001280   0x08001280   0x00000060   Code   RO          567    .text               fz_ps.l(dscalbn.o)
    0x080012e0   0x080012e0   0x0000000c   Code   RO          597    .text               c_p.l(sys_wrch.o)
    0x080012ec   0x080012ec   0x0000000c   Code   RO          599    .text               c_p.l(sys_exit.o)
    0x080012f8   0x080012f8   0x00000008   Code   RO          625    .text               c_p.l(rt_errno_addr_intlibspace.o)
    0x08001300   0x08001300   0x00000012   Code   RO          627    .text               c_p.l(isspace.o)
    0x08001312   0x08001312   0x00000044   Code   RO          629    .text               c_p.l(_sgetc.o)
    0x08001356   0x08001356   0x0000000c   Code   RO          634    .text               c_p.l(defsig_abrt_outer.o)
    0x08001362   0x08001362   0x00000002   PAD
    0x08001364   0x08001364   0x000000a0   Code   RO          638    .text               fz_ps.l(dcmpin.o)
    0x08001404   0x08001404   0x00000100   Code   RO          642    .text               fz_ps.l(dsqrt.o)
    0x08001504   0x08001504   0x00000008   Code   RO          646    .text               c_p.l(libspace.o)
    0x0800150c   0x0800150c   0x00000002   Code   RO          649    .text               c_p.l(use_no_semi.o)
    0x0800150e   0x0800150e   0x00000000   Code   RO          651    .text               c_p.l(indicate_semi.o)
    0x0800150e   0x0800150e   0x0000003e   Code   RO          652    .text               c_p.l(sys_stackheap_outer.o)
    0x0800154c   0x0800154c   0x00000010   Code   RO          655    .text               c_p.l(rt_ctype_table.o)
    0x0800155c   0x0800155c   0x00000520   Code   RO          659    .text               c_p.l(scanf_fp.o)
    0x08001a7c   0x08001a7c   0x00000010   Code   RO          665    .text               c_p.l(exit.o)
    0x08001a8c   0x08001a8c   0x0000000c   Code   RO          667    .text               c_p.l(defsig_exit.o)
    0x08001a98   0x08001a98   0x00000030   Code   RO          669    .text               c_p.l(defsig_abrt_inner.o)
    0x08001ac8   0x08001ac8   0x00000088   Code   RO          675    .text               c_p.l(strcmp.o)
    0x08001b50   0x08001b50   0x0000002e   Code   RO          728    .text               fz_ps.l(cmpret.o)
    0x08001b7e   0x08001b7e   0x00000002   PAD
    0x08001b80   0x08001b80   0x00000014   Code   RO          730    .text               fz_ps.l(dnan2.o)
    0x08001b94   0x08001b94   0x00000008   Code   RO          738    .text               c_p.l(rt_locale_intlibspace.o)
    0x08001b9c   0x08001b9c   0x00000020   Code   RO          740    .text               c_p.l(llshl.o)
    0x08001bbc   0x08001bbc   0x00000030   Code   RO          742    .text               c_p.l(llmul.o)
    0x08001bec   0x08001bec   0x000000d8   Code   RO          746    .text               c_p.l(bigflt0.o)
    0x08001cc4   0x08001cc4   0x00000580   Code   RO          749    .text               c_p.l(btod.o)
    0x08002244   0x08002244   0x00000034   Code   RO          761    .text               c_p.l(defsig_general.o)
    0x08002278   0x08002278   0x00000008   Code   RO          765    .text               c_p.l(argv_veneer.o)
    0x08002280   0x08002280   0x0000005e   Code   RO          775    .text               fz_ps.l(retnan.o)
    0x080022de   0x080022de   0x00000002   PAD
    0x080022e0   0x080022e0   0x00000334   Code   RO          815    .text               c_p.l(scanf_hexfp.o)
    0x08002614   0x08002614   0x0000013c   Code   RO          817    .text               c_p.l(scanf_infnan.o)
    0x08002750   0x08002750   0x00000132   Code   RO          823    .text               c_p.l(_get_argv_nomalloc.o)
    0x08002882   0x08002882   0x0000001a   Code   RO          833    .text               c_p.l(sys_command.o)
    0x0800289c   0x0800289c   0x00000004   Code   RO          837    .text               c_p.l(hrguard.o)
    0x080028a0   0x080028a0   0x0000001e   Code   RO          842    .text               c_p.l(_chval.o)
    0x080028be   0x080028be   0x00000002   PAD
    0x080028c0   0x080028c0   0x00000050   Code   RO          846    .text               c_p.l(defsig_rtmem_inner.o)
    0x08002910   0x08002910   0x0000000c   Code   RO          848    .text               c_p.l(defsig_rtmem_outer.o)
    0x0800291c   0x0800291c   0x0000004c   Code   RO           10    .text.ConfigureExtendedIT  main.o
    0x08002968   0x08002968   0x00000038   Code   RO           33    .text.Configure_DBG  button.o
    0x080029a0   0x080029a0   0x00000034   Code   RO          244    .text.Configure_GPIO_LPUART  zigbee.o
    0x080029d4   0x080029d4   0x0000008c   Code   RO          246    .text.Configure_LPUART  zigbee.o
    0x08002a60   0x08002a60   0x0000001c   Code   RO           97    .text.EXTI0_1_IRQHandler  interrupt.o
    0x08002a7c   0x08002a7c   0x0000006c   Code   RO           99    .text.EXTI4_15_IRQHandler  interrupt.o
    0x08002ae8   0x08002ae8   0x0000011c   Code   RO          207    .text.GPSdataUpdate  cam_m8q.o
    0x08002c04   0x08002c04   0x0000000a   Code   RO          103    .text.HardFault_Handler  interrupt.o
    0x08002c0e   0x08002c0e   0x00000002   PAD
    0x08002c10   0x08002c10   0x0000000c   Code   RO          111    .text.I2C1_IRQHandler  interrupt.o
    0x08002c1c   0x08002c1c   0x000000ec   Code   RO          365    .text.I2C_Init      i2c.o
    0x08002d08   0x08002d08   0x000000cc   Code   RO          373    .text.I2C_Read_Reg  i2c.o
    0x08002dd4   0x08002dd4   0x00000104   Code   RO          375    .text.I2C_Write_Bulk  i2c.o
    0x08002ed8   0x08002ed8   0x000000f0   Code   RO          282    .text.IMUtoString   zigbee.o
    0x08002fc8   0x08002fc8   0x00000058   Code   RO            8    .text.ImuIntPinsInit  main.o
    0x08003020   0x08003020   0x00000030   Code   RO          252    .text.LPUART1_PutChar  zigbee.o
    0x08003050   0x08003050   0x0000003a   Code   RO          254    .text.LPUART1_Send  zigbee.o
    0x0800308a   0x0800308a   0x00000034   Code   RO          256    .text.LPUART1_Send_DataPack  zigbee.o
    0x080030be   0x080030be   0x00000002   PAD
    0x080030c0   0x080030c0   0x00000150   Code   RO          203    .text.NMEA_GxGGA_RECEIVED  cam_m8q.o
    0x08003210   0x08003210   0x000000cc   Code   RO          205    .text.NMEA_GxRMC_RECEIVED  cam_m8q.o
    0x080032dc   0x080032dc   0x00000002   Code   RO          101    .text.NMI_Handler   interrupt.o
    0x080032de   0x080032de   0x00000002   PAD
    0x080032e0   0x080032e0   0x00000020   Code   RO           93    .text.NVIC_DisableIRQ  interrupt.o
    0x08003300   0x08003300   0x0000001c   Code   RO           14    .text.NVIC_EnableIRQ  main.o
    0x0800331c   0x0800331c   0x0000001c   Code   RO          213    .text.NVIC_EnableIRQ  cam_m8q.o
    0x08003338   0x08003338   0x0000001c   Code   RO          250    .text.NVIC_EnableIRQ  zigbee.o
    0x08003354   0x08003354   0x00000020   Code   RO          367    .text.NVIC_EnableIRQ  i2c.o
    0x08003374   0x08003374   0x00000084   Code   RO           16    .text.NVIC_SetPriority  main.o
    0x080033f8   0x080033f8   0x00000084   Code   RO           91    .text.NVIC_SetPriority  interrupt.o
    0x0800347c   0x0800347c   0x00000084   Code   RO          215    .text.NVIC_SetPriority  cam_m8q.o
    0x08003500   0x08003500   0x00000084   Code   RO          248    .text.NVIC_SetPriority  zigbee.o
    0x08003584   0x08003584   0x0000008c   Code   RO          369    .text.NVIC_SetPriority  i2c.o
    0x08003610   0x08003610   0x0000001c   Code   RO          105    .text.NVIC_SystemReset  interrupt.o
    0x0800362c   0x0800362c   0x00000002   Code   RO          109    .text.PendSV_Handler  interrupt.o
    0x0800362e   0x0800362e   0x00000002   PAD
    0x08003630   0x08003630   0x00000058   Code   RO           87    .text.RCC_CRS_IRQHandler  interrupt.o
    0x08003688   0x08003688   0x000000a4   Code   RO          242    .text.RNG_LPUART1_IRQHandler  zigbee.o
    0x0800372c   0x0800372c   0x00000020   Code   RO           95    .text.RTC_IRQHandler  interrupt.o
    0x0800374c   0x0800374c   0x00000124   Code   RO          201    .text.RecDataToGPSbuffer  cam_m8q.o
    0x08003870   0x08003870   0x00000002   Code   RO          107    .text.SVC_Handler   interrupt.o
    0x08003872   0x08003872   0x00000002   PAD
    0x08003874   0x08003874   0x0000004c   Code   RO            4    .text.SysTick_Config  main.o
    0x080038c0   0x080038c0   0x00000058   Code   RO           89    .text.SysTick_Config  interrupt.o
    0x08003918   0x08003918   0x00000008   Code   RO           85    .text.SysTick_Handler  interrupt.o
    0x08003920   0x08003920   0x0000011c   Code   RO          466    .text.SystemCoreClockUpdate  system_stm32l0xx.o
    0x08003a3c   0x08003a3c   0x00000064   Code   RO          464    .text.SystemInit    system_stm32l0xx.o
    0x08003aa0   0x08003aa0   0x00000030   Code   RO          209    .text.USART1_IRQHandler  cam_m8q.o
    0x08003ad0   0x08003ad0   0x000000d4   Code   RO          211    .text.USART1_Init   cam_m8q.o
    0x08003ba4   0x08003ba4   0x00000030   Code   RO          199    .text.USART1_PutChar  cam_m8q.o
    0x08003bd4   0x08003bd4   0x000000f8   Code   RO           43    .text.butread       button.o
    0x08003ccc   0x08003ccc   0x0000002c   Code   RO           41    .text.buttonPressed  button.o
    0x08003cf8   0x08003cf8   0x00000040   Code   RO           31    .text.button_init   button.o
    0x08003d38   0x08003d38   0x00000012   Code   RO          169    .text.checkAccelerometer  mma8452q.o
    0x08003d4a   0x08003d4a   0x00000012   Code   RO          336    .text.checkGyro     fxas21002.o
    0x08003d5c   0x08003d5c   0x00000012   Code   RO          386    .text.checkMagnetometer  iis2mdc_reg.o
    0x08003d6e   0x08003d6e   0x00000002   PAD
    0x08003d70   0x08003d70   0x0000011c   Code   RO          274    .text.conGpsDataToDecDegree  zigbee.o
    0x08003e8c   0x08003e8c   0x00000190   Code   RO          179    .text.filterAccData  mma8452q.o
    0x0800401c   0x0800401c   0x00000190   Code   RO          346    .text.filterGyroData  fxas21002.o
    0x080041ac   0x080041ac   0x00000190   Code   RO          396    .text.filterMagData  iis2mdc_reg.o
    0x0800433c   0x0800433c   0x000000b4   Code   RO          272    .text.ftoa          zigbee.o
    0x080043f0   0x080043f0   0x00000024   Code   RO          132    .text.gpio_clear    led.o
    0x08004414   0x08004414   0x000002fc   Code   RO           63    .text.gpio_init     gpio.o
    0x08004710   0x08004710   0x00000022   Code   RO            6    .text.gpio_set      main.o
    0x08004732   0x08004732   0x00000022   Code   RO          128    .text.gpio_set      led.o
    0x08004754   0x08004754   0x00000038   Code   RO           75    .text.hw_init       hw.o
    0x0800478c   0x0800478c   0x000000e8   Code   RO           73    .text.hw_initSysclock  hw.o
    0x08004874   0x08004874   0x000001fc   Code   RO          197    .text.initGPSubxData  cam_m8q.o
    0x08004a70   0x08004a70   0x0000007a   Code   RO          270    .text.intToStr      zigbee.o
    0x08004aea   0x08004aea   0x000000d8   Code   RO          280    .text.itoa          zigbee.o
    0x08004bc2   0x08004bc2   0x00000002   PAD
    0x08004bc4   0x08004bc4   0x000000bc   Code   RO           12    .text.ledUpdate     main.o
    0x08004c80   0x08004c80   0x0000008c   Code   RO          124    .text.led_init      led.o
    0x08004d0c   0x08004d0c   0x000001fc   Code   RO            2    .text.main          main.o
    0x08004f08   0x08004f08   0x00000284   Code   RO          284    .text.packAllDataforZigbee  zigbee.o
    0x0800518c   0x0800518c   0x00000238   Code   RO          175    .text.read_acc      mma8452q.o
    0x080053c4   0x080053c4   0x000000b4   Code   RO          342    .text.read_gyro     fxas21002.o
    0x08005478   0x08005478   0x000000c0   Code   RO          392    .text.read_magneto  iis2mdc_reg.o
    0x08005538   0x08005538   0x00000074   Code   RO          177    .text.recordToAccBuffer  mma8452q.o
    0x080055ac   0x080055ac   0x00000074   Code   RO          344    .text.recordToGyroBuffer  fxas21002.o
    0x08005620   0x08005620   0x00000074   Code   RO          394    .text.recordToMagBuffer  iis2mdc_reg.o
    0x08005694   0x08005694   0x00000050   Code   RO          268    .text.reverse       zigbee.o
    0x080056e4   0x080056e4   0x00000042   Code   RO          278    .text.reverseInt    zigbee.o
    0x08005726   0x08005726   0x00000002   PAD
    0x08005728   0x08005728   0x0000000c   Code   RO          140    .text.rf_led_clear  led.o
    0x08005734   0x08005734   0x0000000c   Code   RO          138    .text.rf_led_set    led.o
    0x08005740   0x08005740   0x0000000c   Code   RO          150    .text.rgb_blue_led_clear  led.o
    0x0800574c   0x0800574c   0x0000000c   Code   RO          148    .text.rgb_blue_led_set  led.o
    0x08005758   0x08005758   0x0000000c   Code   RO          158    .text.rgb_control_clear  led.o
    0x08005764   0x08005764   0x0000000c   Code   RO          156    .text.rgb_control_set  led.o
    0x08005770   0x08005770   0x0000000c   Code   RO          154    .text.rgb_green_led_clear  led.o
    0x0800577c   0x0800577c   0x00000010   Code   RO          152    .text.rgb_green_led_set  led.o
    0x0800578c   0x0800578c   0x0000000e   Code   RO          146    .text.rgb_red_led_clear  led.o
    0x0800579a   0x0800579a   0x0000000e   Code   RO          144    .text.rgb_red_led_set  led.o
    0x080057a8   0x080057a8   0x0000007a   Code   RO          171    .text.start_acc     mma8452q.o
    0x08005822   0x08005822   0x00000042   Code   RO          338    .text.start_gyro    fxas21002.o
    0x08005864   0x08005864   0x00000064   Code   RO          388    .text.start_magneto  iis2mdc_reg.o
    0x080058c8   0x080058c8   0x00000028   Code   RO          276    .text.swap          zigbee.o
    0x080058f0   0x080058f0   0x00000028   Code   RO          423    .text.systick_delayMs  systick.o
    0x08005918   0x08005918   0x0000010c   Code   RO          427    .text.systick_irq   systick.o
    0x08005a24   0x08005a24   0x00000030   Code   RO          751    i.__ARM_common_ll_muluu  c_p.l(btod.o)
    0x08005a54   0x08005a54   0x0000002c   Code   RO          584    i.__ARM_fpclassify  m_ps.l(fpclassify.o)
    0x08005a80   0x08005a80   0x000000ac   Code   RO          586    i.__kernel_poly     m_ps.l(poly.o)
    0x08005b2c   0x08005b2c   0x00000014   Code   RO          570    i.__mathlib_dbl_divzero  m_ps.l(dunder.o)
    0x08005b40   0x08005b40   0x00000008   Code   RO          572    i.__mathlib_dbl_infnan2  m_ps.l(dunder.o)
    0x08005b48   0x08005b48   0x00000010   Code   RO          573    i.__mathlib_dbl_invalid  m_ps.l(dunder.o)
    0x08005b58   0x08005b58   0x00000014   Code   RO          574    i.__mathlib_dbl_overflow  m_ps.l(dunder.o)
    0x08005b6c   0x08005b6c   0x00000014   Code   RO          576    i.__mathlib_dbl_underflow  m_ps.l(dunder.o)
    0x08005b80   0x08005b80   0x00000010   Code   RO          783    i.__mathlib_narrow  m_ps.l(narrow.o)
    0x08005b90   0x08005b90   0x000000c8   Code   RO          784    i.__mathlib_tofloat  m_ps.l(narrow.o)
    0x08005c58   0x08005c58   0x00000014   Code   RO          866    i.__support_ldexp   m_ps.l(ldexp.o)
    0x08005c6c   0x08005c6c   0x0000000e   Code   RO          661    i._is_digit         c_p.l(scanf_fp.o)
    0x08005c7a   0x08005c7a   0x0000002c   Code   RO          535    i.atof              m_ps.l(atof.o)
    0x08005ca6   0x08005ca6   0x00000002   PAD
    0x08005ca8   0x08005ca8   0x00000058   Code   RO          830    i.frexp             m_ps.l(frexp.o)
    0x08005d00   0x08005d00   0x00000070   Code   RO          867    i.ldexp             m_ps.l(ldexp.o)
    0x08005d70   0x08005d70   0x00000090   Code   RO          539    i.modf              m_ps.l(modf.o)
    0x08005e00   0x08005e00   0x000009fc   Code   RO          543    i.pow               m_ps.l(pow.o)
    0x080067fc   0x080067fc   0x00000048   Code   RO          590    i.sqrt              m_ps.l(sqrt.o)
    0x08006844   0x08006844   0x0000002c   Code   RO          632    locale$$code        c_p.l(lc_numeric_c.o)
    0x08006870   0x08006870   0x0000002c   Code   RO          757    locale$$code        c_p.l(lc_ctype_c.o)
    0x0800689c   0x0800689c   0x00000064   Code   RO          827    x$fpl$deqf          fz_ps.l(deqf.o)
    0x08006900   0x08006900   0x00000068   Code   RO          565    x$fpl$drleqf        fz_ps.l(drlef.o)
    0x08006968   0x08006968   0x0000008c   Code   RO          519    x$fpl$fadd          fz_ps.l(faddsub.o)
    0x080069f4   0x080069f4   0x000000d0   Code   RO          521    x$fpl$fsub          fz_ps.l(faddsub.o)
    0x08006ac4   0x08006ac4   0x00000010   Code   RO          644    x$fpl$scanf1        fz_ps.l(scanf1.o)
    0x08006ad4   0x08006ad4   0x00000020   Code   RO          777    x$fpl$scanf2        fz_ps.l(scanf2.o)
    0x08006af4   0x08006af4   0x00000000   Code   RO          569    x$fpl$usenofp       fz_ps.l(usenofp.o)
    0x08006af4   0x08006af4   0x00000080   Data   RO          511    .constdata          fz_ps.l(ddiv.o)
    0x08006b74   0x08006b74   0x00000004   PAD
    0x08006b78   0x08006b78   0x00000088   Data   RO          544    .constdata          m_ps.l(pow.o)
    0x08006c00   0x08006c00   0x00000008   Data   RO          588    .constdata          m_ps.l(qnan.o)
    0x08006c08   0x08006c08   0x00000094   Data   RO          747    .constdata          c_p.l(bigflt0.o)
    0x08006c9c   0x08006c9c   0x00000010   Data   RO          469    .rodata.AHBPrescTable  system_stm32l0xx.o
    0x08006cac   0x08006cac   0x00000003   Data   RO          294    .rodata.OK          zigbee.o
    0x08006caf   0x08006caf   0x00000009   Data   RO          470    .rodata.PLLMulTable  system_stm32l0xx.o
    0x08006cb8   0x08006cb8   0x00000004   Data   RO           22    .rodata.cst4        main.o
    0x08006cbc   0x08006cbc   0x00000004   Data   RO           54    .rodata.cst4        button.o
    0x08006cc0   0x08006cc0   0x00000004   Data   RO          160    .rodata.cst4        led.o
    0x08006cc4   0x08006cc4   0x00000004   Data   RO           21    .rodata.str1.1      main.o
    0x08006cc8   0x08006cc8   0x000000d5   Data   RO           65    .rodata.str1.1      gpio.o
    0x08006d9d   0x08006d9d   0x0000000c   Data   RO          295    .rodata.str1.1      zigbee.o
    0x08006da9   0x08006da9   0x00000003   PAD
    0x08006dac   0x08006dac   0x00000020   Data   RO          894    Region$$Table       anon$$obj.o
    0x08006dcc   0x08006dcc   0x00000008   Data   RO          767    c$$dinf             fz_ps.l(fpconst.o)
    0x08006dd4   0x08006dd4   0x00000008   Data   RO          770    c$$dmax             fz_ps.l(fpconst.o)
    0x08006ddc   0x08006ddc   0x0000001c   Data   RO          631    locale$$data        c_p.l(lc_numeric_c.o)
    0x08006df8   0x08006df8   0x00000110   Data   RO          756    locale$$data        c_p.l(lc_ctype_c.o)


    Execution Region RW_IRAM1 (Exec base: 0x20000000, Load base: 0x08006f08, Size: 0x000010f0, Max: 0x00002000, ABSOLUTE)

    Exec Addr    Load Addr    Size         Type   Attr      Idx    E Section Name        Object

    0x20000000   0x08006f08   0x00000006   Data   RW          228    .data.GPS_ALTITUDE_DATA_BUF  cam_m8q.o
    0x20000006   0x08006f0e   0x00000007   Data   RW          227    .data.GPS_DATE_BUF  cam_m8q.o
    0x2000000d   0x08006f15   0x00000002   Data   RW          225    .data.GPS_FIX_DATA_BUF  cam_m8q.o
    0x2000000f   0x08006f17   0x0000000b   Data   RW          223    .data.GPS_LAT_BUF   cam_m8q.o
    0x2000001a   0x08006f22   0x0000000c   Data   RW          224    .data.GPS_LON_BUF   cam_m8q.o
    0x20000026   0x08006f2e   0x0000000a   Data   RW          222    .data.GPS_TIME_BUF  cam_m8q.o
    0x20000030   0x08006f38   0x00000006   Data   RW          226    .data.GPS_VELOCITY_BUF  cam_m8q.o
    0x20000036   0x08006f3e   0x00000002   PAD
    0x20000038   0x08006f40   0x00000004   Data   RW          468    .data.SystemCoreClock  system_stm32l0xx.o
    0x2000003c   0x08006f44   0x00000001   Data   RW           45    .data.butdat        button.o
    0x2000003d   0x08006f45   0x00000001   Data   RW           47    .data.button        button.o
    0x2000003e   0x08006f46   0x0000000c   Data   RW          291    .data.latString     zigbee.o
    0x2000004a   0x08006f52   0x0000000c   Data   RW          292    .data.lonString     zigbee.o
    0x20000056   0x08006f5e   0x00000002   PAD
    0x20000058        -       0x00000060   Zero   RW          647    .bss                c_p.l(libspace.o)
    0x200000b8        -       0x00000004   Zero   RW          181    .bss.ACC_X_BUF      mma8452q.o
    0x200000bc        -       0x00000004   Zero   RW          182    .bss.ACC_Y_BUF      mma8452q.o
    0x200000c0        -       0x00000004   Zero   RW          183    .bss.ACC_Z_BUF      mma8452q.o
    0x200000c4        -       0x00000001   Zero   RW          287    .bss.ChIndex        zigbee.o
    0x200000c5        -       0x00000001   Zero   RW          289    .bss.Device_Ack_Flag  zigbee.o
    0x200000c6        -       0x000000a4   Zero   RW          231    .bss.GPS_DATA_BUF   cam_m8q.o
    0x2000016a        -       0x000000a4   Zero   RW          233    .bss.GPS_DATA_BUF_TMP  cam_m8q.o
    0x2000020e   0x08006f5e   0x00000002   PAD
    0x20000210        -       0x00000004   Zero   RW          348    .bss.GYRO_X_BUF     fxas21002.o
    0x20000214        -       0x00000004   Zero   RW          349    .bss.GYRO_Y_BUF     fxas21002.o
    0x20000218        -       0x00000004   Zero   RW          350    .bss.GYRO_Z_BUF     fxas21002.o
    0x2000021c        -       0x00000004   Zero   RW          377    .bss.I2C1_RX_Data   i2c.o
    0x20000220        -       0x00000004   Zero   RW          402    .bss.MAG_X_BUF      iis2mdc_reg.o
    0x20000224        -       0x00000004   Zero   RW          403    .bss.MAG_Y_BUF      iis2mdc_reg.o
    0x20000228        -       0x00000004   Zero   RW          404    .bss.MAG_Z_BUF      iis2mdc_reg.o
    0x2000022c        -       0x00000004   Zero   RW           18    .bss.RGB200msCnt    main.o
    0x20000230        -       0x00000200   Zero   RW          286    .bss.RX_Data        zigbee.o
    0x20000430        -       0x00000001   Zero   RW          220    .bss.Rx_Data        cam_m8q.o
    0x20000431   0x08006f5e   0x00000003   PAD
    0x20000434        -       0x00000028   Zero   RW          186    .bss.TMP_ACC_X_BUF  mma8452q.o
    0x2000045c        -       0x00000028   Zero   RW          187    .bss.TMP_ACC_Y_BUF  mma8452q.o
    0x20000484        -       0x00000028   Zero   RW          188    .bss.TMP_ACC_Z_BUF  mma8452q.o
    0x200004ac        -       0x00000028   Zero   RW          354    .bss.TMP_GYRO_X_BUF  fxas21002.o
    0x200004d4        -       0x00000028   Zero   RW          355    .bss.TMP_GYRO_Y_BUF  fxas21002.o
    0x200004fc        -       0x00000028   Zero   RW          356    .bss.TMP_GYRO_Z_BUF  fxas21002.o
    0x20000524        -       0x00000028   Zero   RW          408    .bss.TMP_MAG_X_BUF  iis2mdc_reg.o
    0x2000054c        -       0x00000028   Zero   RW          409    .bss.TMP_MAG_Y_BUF  iis2mdc_reg.o
    0x20000574        -       0x00000028   Zero   RW          410    .bss.TMP_MAG_Z_BUF  iis2mdc_reg.o
    0x2000059c        -       0x00000200   Zero   RW          288    .bss.XBee_Message   zigbee.o
    0x2000079c        -       0x00000001   Zero   RW          290    .bss.XBee_Ready_To_Read  zigbee.o
    0x2000079d   0x08006f5e   0x00000003   PAD
    0x200007a0        -       0x00000004   Zero   RW          185    .bss.accCnt         mma8452q.o
    0x200007a4        -       0x00000004   Zero   RW          443    .bss.cnt10s         systick.o
    0x200007a8        -       0x00000004   Zero   RW          441    .bss.cnt1s          systick.o
    0x200007ac        -       0x00000004   Zero   RW          440    .bss.cnt200ms       systick.o
    0x200007b0        -       0x00000004   Zero   RW          439    .bss.cnt20ms        systick.o
    0x200007b4        -       0x00000004   Zero   RW          438    .bss.cnt2ms         systick.o
    0x200007b8        -       0x00000004   Zero   RW          442    .bss.cnt2s          systick.o
    0x200007bc        -       0x0000014a   Zero   RW          306    .bss.dataPack       zigbee.o
    0x20000906   0x08006f5e   0x00000002   PAD
    0x20000908        -       0x00000004   Zero   RW          437    .bss.f10s           systick.o
    0x2000090c        -       0x00000004   Zero   RW          431    .bss.f1ms           systick.o
    0x20000910        -       0x00000004   Zero   RW          435    .bss.f1s            systick.o
    0x20000914        -       0x00000004   Zero   RW          434    .bss.f200ms         systick.o
    0x20000918        -       0x00000004   Zero   RW          433    .bss.f20ms          systick.o
    0x2000091c        -       0x00000004   Zero   RW          432    .bss.f2ms           systick.o
    0x20000920        -       0x00000004   Zero   RW          436    .bss.f2s            systick.o
    0x20000924        -       0x00000004   Zero   RW           53    .bss.fButtonON      button.o
    0x20000928        -       0x00000004   Zero   RW          221    .bss.fGPSdataUpdate  cam_m8q.o
    0x2000092c        -       0x00000004   Zero   RW          113    .bss.fReadAcc       interrupt.o
    0x20000930        -       0x00000004   Zero   RW          114    .bss.fReadGyro      interrupt.o
    0x20000934        -       0x00000004   Zero   RW          115    .bss.fReadMagneto   interrupt.o
    0x20000938        -       0x00000004   Zero   RW          352    .bss.gyroCnt        fxas21002.o
    0x2000093c        -       0x00000004   Zero   RW          232    .bss.i              cam_m8q.o
    0x20000940        -       0x00000004   Zero   RW          230    .bss.j              cam_m8q.o
    0x20000944        -       0x00000001   Zero   RW           52    .bss.lvd2cnt        button.o
    0x20000945        -       0x00000001   Zero   RW           51    .bss.lvdcnt         button.o
    0x20000946   0x08006f5e   0x00000002   PAD
    0x20000948        -       0x00000004   Zero   RW          406    .bss.magCnt         iis2mdc_reg.o
    0x2000094c        -       0x00000006   Zero   RW          353    .bss.newGyro        fxas21002.o
    0x20000952        -       0x00000006   Zero   RW          407    .bss.newMag         iis2mdc_reg.o
    0x20000958        -       0x00000001   Zero   RW           49    .bss.presdb         button.o
    0x20000959        -       0x00000001   Zero   RW           48    .bss.prvbut         button.o
    0x2000095a        -       0x00000001   Zero   RW           46    .bss.prvdat         button.o
    0x2000095b   0x08006f5e   0x00000001   PAD
    0x2000095c        -       0x00000004   Zero   RW           19    .bss.sensorReadCnt  main.o
    0x20000960        -       0x00000004   Zero   RW           20    .bss.sensorReadErrorCnt  main.o
    0x20000964        -       0x0000014a   Zero   RW          293    .bss.serialized_string  zigbee.o
    0x20000aae        -       0x00000006   Zero   RW          297    .bss.strAccX        zigbee.o
    0x20000ab4        -       0x00000006   Zero   RW          298    .bss.strAccY        zigbee.o
    0x20000aba        -       0x00000006   Zero   RW          299    .bss.strAccZ        zigbee.o
    0x20000ac0        -       0x00000006   Zero   RW          300    .bss.strGyroX       zigbee.o
    0x20000ac6        -       0x00000006   Zero   RW          301    .bss.strGyroY       zigbee.o
    0x20000acc        -       0x00000006   Zero   RW          302    .bss.strGyroZ       zigbee.o
    0x20000ad2        -       0x00000006   Zero   RW          303    .bss.strMagX        zigbee.o
    0x20000ad8        -       0x00000006   Zero   RW          304    .bss.strMagY        zigbee.o
    0x20000ade        -       0x00000006   Zero   RW          305    .bss.strMagZ        zigbee.o
    0x20000ae4        -       0x00000004   Zero   RW          446    .bss.u32Tick        systick.o
    0x20000ae8        -       0x00000001   Zero   RW           50    .bss.vdcnt          button.o
    0x20000ae9   0x08006f5e   0x00000007   PAD
    0x20000af0        -       0x00000200   Zero   RW          455    HEAP                startup_stm32l053xx.o
    0x20000cf0        -       0x00000400   Zero   RW          454    STACK               startup_stm32l053xx.o


==============================================================================

Image component sizes


      Code (inc. data)   RO Data    RW Data    ZI Data      Debug   Object Name

       412         60          4          2         10       5103   button.o
      2092        160          0         54        341       7125   cam_m8q.o
       780         36          0          0        142       2430   fxas21002.o
       764         48        213          0          0       1934   gpio.o
       288         28          0          0          0       1584   hw.o
       872         76          0          0          4       4333   i2c.o
       826         36          0          0        142       2808   iis2mdc_reg.o
       572         52          0          0         12       4779   interrupt.o
       338         12          4          0          0       3933   led.o
      1130         80          8          0         12       5230   main.o
      1224         36          0          0        136       2806   mma8452q.o
        56         26        192          0       1536        648   startup_stm32l053xx.o
       384         66         25          4          0       2123   system_stm32l0xx.o
       308         60          0          0         56       3477   systick.o
      2546        244         15         24       1741       8111   zigbee.o

    ----------------------------------------------------------------------
     12608       1020        496         88       4152      56424   Object Totals
         0          0         32          0          0          0   (incl. Generated)
        16          0          3          4         20          0   (incl. Padding)

    ----------------------------------------------------------------------

      Code (inc. data)   RO Data    RW Data    ZI Data      Debug   Library Member Name

         8          0          0          0          0         68   __main.o
         0          0          0          0          0          0   __rtentry.o
        12          0          0          0          0          0   __rtentry2.o
         6          0          0          0          0          0   __rtentry4.o
        60          8          0          0          0          0   __scatter.o
        26          0          0          0          0          0   __scatter_copy.o
        28          0          0          0          0          0   __scatter_zi.o
        30          0          0          0          0         60   _chval.o
       306          0          0          0          0        144   _get_argv_nomalloc.o
        22          0          0          0          0         92   _rserrno.o
        68          0          0          0          0         76   _sgetc.o
        20          0          0          0          0         68   abort.o
         8          0          0          0          0         60   abs.o
       346          0          0          0          0         92   aeabi_sdiv.o
         8          0          0          0          0         68   argv_veneer.o
       124         42          0          0          0         68   assert.o
        20          0          0          0          0         68   assert_puts.o
       216          6        148          0          0         80   bigflt0.o
      1456         30          0          0          0        336   btod.o
        48         34          0          0          0         68   defsig_abrt_inner.o
        12          0          0          0          0         68   defsig_abrt_outer.o
        12          0          0          0          0         68   defsig_exit.o
        52          0          0          0          0         72   defsig_general.o
        80         58          0          0          0         68   defsig_rtmem_inner.o
        12          0          0          0          0         68   defsig_rtmem_outer.o
        16          0          0          0          0         68   exit.o
         6          0          0          0          0        136   heapauxi.o
         4          0          0          0          0        120   hrguard.o
         0          0          0          0          0          0   indicate_semi.o
        18          0          0          0          0         68   isspace.o
        44         10        272          0          0         76   lc_ctype_c.o
        44         10         28          0          0         76   lc_numeric_c.o
         2          0          0          0          0          0   libinit.o
        38          0          0          0          0          0   libinit2.o
         2          0          0          0          0          0   libshutdown.o
         2          0          0          0          0          0   libshutdown2.o
         8          4          0          0         96         68   libspace.o
        48          0          0          0          0         72   llmul.o
        32          0          0          0          0         68   llshl.o
        16          4          0          0          0         76   rt_ctype_table.o
         8          4          0          0          0         68   rt_errno_addr_intlibspace.o
         8          4          0          0          0         68   rt_locale_intlibspace.o
        64          0          0          0          0        108   rt_memclr.o
       186          0          0          0          0        144   rt_memcpy.o
         2          0          0          0          0          0   rtexit.o
        10          0          0          0          0          0   rtexit2.o
      1326         26          0          0          0        184   scanf_fp.o
       820         14          0          0          0         84   scanf_hexfp.o
       316         16          0          0          0         84   scanf_infnan.o
       136          4          0          0          0         72   strcmp.o
        76          6          0          0          0         72   strcpy.o
        68          6          0          0          0         72   strlen.o
       160          6          0          0          0         76   strncmp.o
       184         16          0          0          0        120   strtod.o
        26          0          0          0          0         68   sys_command.o
        12          4          0          0          0         60   sys_exit.o
        62          0          0          0          0         80   sys_stackheap_outer.o
        12          0          0          0          0         68   sys_wrch.o
         2          0          0          0          0         68   use_no_semi.o
        46          0          0          0          0         60   cmpret.o
       124          4          0          0          0         72   d2f.o
       856         20          0          0          0        208   daddsub.o
       160          6          0          0          0         76   dcmpin.o
      1096         26        128          0          0        112   ddiv.o
       100          4          0          0          0         92   deqf.o
        88          0          0          0          0         92   dflti.o
       584         26          0          0          0         84   dmul.o
        20          6          0          0          0         68   dnan2.o
       104          4          0          0          0        104   drlef.o
        96         12          0          0          0         72   dscalbn.o
       256          8          0          0          0         76   dsqrt.o
        84          4          0          0          0         60   f2d.o
       348          8          0          0          0        160   faddsub.o
        76          0          0          0          0         68   ffixi.o
        94          0          0          0          0         92   fflti.o
         0          0         16          0          0          0   fpconst.o
        94          0          0          0          0         68   retnan.o
        16          4          0          0          0         76   scanf1.o
        32          8          0          0          0        100   scanf2.o
         0          0          0          0          0          0   usenofp.o
        44          0          0          0          0         76   atof.o
        84         14          0          0          0        340   dunder.o
        44          4          0          0          0         60   fpclassify.o
        88         16          0          0          0         72   frexp.o
       132          0          0          0          0        140   ldexp.o
       144          8          0          0          0         76   modf.o
       216         10          0          0          0        144   narrow.o
       172          0          0          0          0         76   poly.o
      2556        196        136          0          0        240   pow.o
         0          0          8          0          0          0   qnan.o
        72          6          0          0          0         76   sqrt.o

    ----------------------------------------------------------------------
     14580        706        740          0         96       7056   Library Totals
        16          0          4          0          0          0   (incl. Padding)

    ----------------------------------------------------------------------

      Code (inc. data)   RO Data    RW Data    ZI Data      Debug   Library Name

      6738        312        448          0         96       4016   c_p.l
      4274        140        144          0          0       1740   fz_ps.l
      3552        254        144          0          0       1300   m_ps.l

    ----------------------------------------------------------------------
     14580        706        740          0         96       7056   Library Totals

    ----------------------------------------------------------------------

==============================================================================


      Code (inc. data)   RO Data    RW Data    ZI Data      Debug   

     27188       1726       1236         88       4248      59600   Grand Totals
     27188       1726       1236         88       4248      59600   ELF Image Totals
     27188       1726       1236         88          0          0   ROM Totals

==============================================================================

    Total RO  Size (Code + RO Data)                28424 (  27.76kB)
    Total RW  Size (RW Data + ZI Data)              4336 (   4.23kB)
    Total ROM Size (Code + RO Data + RW Data)      28512 (  27.84kB)

==============================================================================

